2025-11-28T00:35:23.4723171Z Current runner version: '2.329.0'
2025-11-28T00:35:23.4756284Z ##[group]Runner Image Provisioner
2025-11-28T00:35:23.4757740Z Hosted Compute Agent
2025-11-28T00:35:23.4758682Z Version: 20251016.436
2025-11-28T00:35:23.4760012Z Commit: 8ab8ac8bfd662a3739dab9fe09456aba92132568
2025-11-28T00:35:23.4761218Z Build Date: 2025-10-15T20:44:12Z
2025-11-28T00:35:23.4762148Z ##[endgroup]
2025-11-28T00:35:23.4763064Z ##[group]Operating System
2025-11-28T00:35:23.4764167Z Ubuntu
2025-11-28T00:35:23.4764996Z 24.04.3
2025-11-28T00:35:23.4765721Z LTS
2025-11-28T00:35:23.4766649Z ##[endgroup]
2025-11-28T00:35:23.4767464Z ##[group]Runner Image
2025-11-28T00:35:23.4769169Z Image: ubuntu-24.04
2025-11-28T00:35:23.4770303Z Version: 20251112.124.1
2025-11-28T00:35:23.4772100Z Included Software: https://github.com/actions/runner-images/blob/ubuntu24/20251112.124/images/ubuntu/Ubuntu2404-Readme.md
2025-11-28T00:35:23.4775006Z Image Release: https://github.com/actions/runner-images/releases/tag/ubuntu24%2F20251112.124
2025-11-28T00:35:23.4776728Z ##[endgroup]
2025-11-28T00:35:23.4781709Z ##[group]GITHUB_TOKEN Permissions
2025-11-28T00:35:23.4784626Z Actions: write
2025-11-28T00:35:23.4785666Z ArtifactMetadata: write
2025-11-28T00:35:23.4786522Z Attestations: write
2025-11-28T00:35:23.4787385Z Checks: write
2025-11-28T00:35:23.4788150Z Contents: write
2025-11-28T00:35:23.4788942Z Deployments: write
2025-11-28T00:35:23.4789960Z Discussions: write
2025-11-28T00:35:23.4790862Z Issues: write
2025-11-28T00:35:23.4791576Z Metadata: read
2025-11-28T00:35:23.4792475Z Models: read
2025-11-28T00:35:23.4793240Z Packages: write
2025-11-28T00:35:23.4794042Z Pages: write
2025-11-28T00:35:23.4794972Z PullRequests: write
2025-11-28T00:35:23.4795835Z RepositoryProjects: write
2025-11-28T00:35:23.4796836Z SecurityEvents: write
2025-11-28T00:35:23.4797791Z Statuses: write
2025-11-28T00:35:23.4798723Z ##[endgroup]
2025-11-28T00:35:23.4802187Z Secret source: Actions
2025-11-28T00:35:23.4803669Z Prepare workflow directory
2025-11-28T00:35:23.5273394Z Prepare all required actions
2025-11-28T00:35:23.5328926Z Getting action download info
2025-11-28T00:35:23.7621759Z Download action repository 'actions/checkout@v4' (SHA:34e114876b0b11c390a56381ad16ebd13914f8d5)
2025-11-28T00:35:24.0667246Z Download action repository 'actions/setup-node@v4' (SHA:49933ea5288caeca8642d1e84afbd3f7d6820020)
2025-11-28T00:35:24.1547127Z Download action repository 'actions/upload-artifact@v4' (SHA:ea165f8d65b6e75b540449e92b4886f43607fa02)
2025-11-28T00:35:24.3612054Z Complete job name: test (20.x)
2025-11-28T00:35:24.4239512Z ##[group]Run actions/checkout@v4
2025-11-28T00:35:24.4240412Z with:
2025-11-28T00:35:24.4240862Z   repository: JuanAldairRamirezMendez/PAT-AH
2025-11-28T00:35:24.4241584Z   token: ***
2025-11-28T00:35:24.4241970Z   ssh-strict: true
2025-11-28T00:35:24.4242382Z   ssh-user: git
2025-11-28T00:35:24.4242788Z   persist-credentials: true
2025-11-28T00:35:24.4243232Z   clean: true
2025-11-28T00:35:24.4243646Z   sparse-checkout-cone-mode: true
2025-11-28T00:35:24.4244138Z   fetch-depth: 1
2025-11-28T00:35:24.4244563Z   fetch-tags: false
2025-11-28T00:35:24.4244971Z   show-progress: true
2025-11-28T00:35:24.4245372Z   lfs: false
2025-11-28T00:35:24.4245788Z   submodules: false
2025-11-28T00:35:24.4246202Z   set-safe-directory: true
2025-11-28T00:35:24.4246866Z ##[endgroup]
2025-11-28T00:35:24.5401068Z Syncing repository: JuanAldairRamirezMendez/PAT-AH
2025-11-28T00:35:24.5403825Z ##[group]Getting Git version info
2025-11-28T00:35:24.5405125Z Working directory is '/home/runner/work/PAT-AH/PAT-AH'
2025-11-28T00:35:24.5406909Z [command]/usr/bin/git version
2025-11-28T00:35:24.5472419Z git version 2.51.2
2025-11-28T00:35:24.5498887Z ##[endgroup]
2025-11-28T00:35:24.5520308Z Temporarily overriding HOME='/home/runner/work/_temp/f48fc873-6f48-4309-b2e5-14cfea1684b0' before making global git config changes
2025-11-28T00:35:24.5522719Z Adding repository directory to the temporary git global config as a safe directory
2025-11-28T00:35:24.5526563Z [command]/usr/bin/git config --global --add safe.directory /home/runner/work/PAT-AH/PAT-AH
2025-11-28T00:35:24.5564645Z Deleting the contents of '/home/runner/work/PAT-AH/PAT-AH'
2025-11-28T00:35:24.5569403Z ##[group]Initializing the repository
2025-11-28T00:35:24.5575340Z [command]/usr/bin/git init /home/runner/work/PAT-AH/PAT-AH
2025-11-28T00:35:24.5705921Z hint: Using 'master' as the name for the initial branch. This default branch name
2025-11-28T00:35:24.5707341Z hint: is subject to change. To configure the initial branch name to use in all
2025-11-28T00:35:24.5708290Z hint: of your new repositories, which will suppress this warning, call:
2025-11-28T00:35:24.5709383Z hint:
2025-11-28T00:35:24.5710293Z hint: 	git config --global init.defaultBranch <name>
2025-11-28T00:35:24.5711064Z hint:
2025-11-28T00:35:24.5711939Z hint: Names commonly chosen instead of 'master' are 'main', 'trunk' and
2025-11-28T00:35:24.5713595Z hint: 'development'. The just-created branch can be renamed via this command:
2025-11-28T00:35:24.5714901Z hint:
2025-11-28T00:35:24.5715629Z hint: 	git branch -m <name>
2025-11-28T00:35:24.5716465Z hint:
2025-11-28T00:35:24.5717565Z hint: Disable this message with "git config set advice.defaultBranchName false"
2025-11-28T00:35:24.5719522Z Initialized empty Git repository in /home/runner/work/PAT-AH/PAT-AH/.git/
2025-11-28T00:35:24.5724522Z [command]/usr/bin/git remote add origin https://github.com/JuanAldairRamirezMendez/PAT-AH
2025-11-28T00:35:24.5757477Z ##[endgroup]
2025-11-28T00:35:24.5758667Z ##[group]Disabling automatic garbage collection
2025-11-28T00:35:24.5762631Z [command]/usr/bin/git config --local gc.auto 0
2025-11-28T00:35:24.5790908Z ##[endgroup]
2025-11-28T00:35:24.5792165Z ##[group]Setting up auth
2025-11-28T00:35:24.5798421Z [command]/usr/bin/git config --local --name-only --get-regexp core\.sshCommand
2025-11-28T00:35:24.5829284Z [command]/usr/bin/git submodule foreach --recursive sh -c "git config --local --name-only --get-regexp 'core\.sshCommand' && git config --local --unset-all 'core.sshCommand' || :"
2025-11-28T00:35:24.6156720Z [command]/usr/bin/git config --local --name-only --get-regexp http\.https\:\/\/github\.com\/\.extraheader
2025-11-28T00:35:24.6186185Z [command]/usr/bin/git submodule foreach --recursive sh -c "git config --local --name-only --get-regexp 'http\.https\:\/\/github\.com\/\.extraheader' && git config --local --unset-all 'http.https://github.com/.extraheader' || :"
2025-11-28T00:35:24.6400704Z [command]/usr/bin/git config --local --name-only --get-regexp ^includeIf\.gitdir:
2025-11-28T00:35:24.6431810Z [command]/usr/bin/git submodule foreach --recursive git config --local --show-origin --name-only --get-regexp remote.origin.url
2025-11-28T00:35:24.6647993Z [command]/usr/bin/git config --local http.https://github.com/.extraheader AUTHORIZATION: basic ***
2025-11-28T00:35:24.6681935Z ##[endgroup]
2025-11-28T00:35:24.6689893Z ##[group]Fetching the repository
2025-11-28T00:35:24.6692432Z [command]/usr/bin/git -c protocol.version=2 fetch --no-tags --prune --no-recurse-submodules --depth=1 origin +feb80a4fee3e3520a9e2d7fed390f2d365751475:refs/remotes/origin/circleci-project-setup
2025-11-28T00:35:25.0091660Z From https://github.com/JuanAldairRamirezMendez/PAT-AH
2025-11-28T00:35:25.0093318Z  * [new ref]         feb80a4fee3e3520a9e2d7fed390f2d365751475 -> origin/circleci-project-setup
2025-11-28T00:35:25.0127861Z ##[endgroup]
2025-11-28T00:35:25.0128972Z ##[group]Determining the checkout info
2025-11-28T00:35:25.0130906Z ##[endgroup]
2025-11-28T00:35:25.0135122Z [command]/usr/bin/git sparse-checkout disable
2025-11-28T00:35:25.0175659Z [command]/usr/bin/git config --local --unset-all extensions.worktreeConfig
2025-11-28T00:35:25.0201995Z ##[group]Checking out the ref
2025-11-28T00:35:25.0206698Z [command]/usr/bin/git checkout --progress --force -B circleci-project-setup refs/remotes/origin/circleci-project-setup
2025-11-28T00:35:25.0782609Z Switched to a new branch 'circleci-project-setup'
2025-11-28T00:35:25.0785254Z branch 'circleci-project-setup' set up to track 'origin/circleci-project-setup'.
2025-11-28T00:35:25.0796462Z ##[endgroup]
2025-11-28T00:35:25.0833704Z [command]/usr/bin/git log -1 --format=%H
2025-11-28T00:35:25.0855608Z feb80a4fee3e3520a9e2d7fed390f2d365751475
2025-11-28T00:35:25.1165801Z ##[group]Run actions/setup-node@v4
2025-11-28T00:35:25.1166959Z with:
2025-11-28T00:35:25.1167776Z   node-version: 20.x
2025-11-28T00:35:25.1168667Z   cache: npm
2025-11-28T00:35:25.1169734Z   always-auth: false
2025-11-28T00:35:25.1170654Z   check-latest: false
2025-11-28T00:35:25.1171841Z   token: ***
2025-11-28T00:35:25.1172672Z ##[endgroup]
2025-11-28T00:35:25.2935911Z Found in cache @ /opt/hostedtoolcache/node/20.19.5/x64
2025-11-28T00:35:25.2942246Z ##[group]Environment details
2025-11-28T00:35:25.6524877Z node: v20.19.5
2025-11-28T00:35:25.6526421Z npm: 10.8.2
2025-11-28T00:35:25.6527732Z yarn: 1.22.22
2025-11-28T00:35:25.6530735Z ##[endgroup]
2025-11-28T00:35:25.6554039Z [command]/opt/hostedtoolcache/node/20.19.5/x64/bin/npm config get cache
2025-11-28T00:35:25.7724069Z /home/runner/.npm
2025-11-28T00:35:25.8970426Z npm cache is not found
2025-11-28T00:35:25.9139546Z ##[group]Run echo "Installing dependencies for all services..."
2025-11-28T00:35:25.9141320Z [36;1mecho "Installing dependencies for all services..."[0m
2025-11-28T00:35:25.9142651Z [36;1mSERVICES=([0m
2025-11-28T00:35:25.9143999Z [36;1m  "Backend-Huancavelica-Alertas-Agricolas/services/auth-service"[0m
2025-11-28T00:35:25.9146031Z [36;1m  "Backend-Huancavelica-Alertas-Agricolas/services/users-service"[0m
2025-11-28T00:35:25.9148069Z [36;1m  "Backend-Huancavelica-Alertas-Agricolas/services/rest-service"[0m
2025-11-28T00:35:25.9150386Z [36;1m  "Backend-Huancavelica-Alertas-Agricolas/services/weather-service"[0m
2025-11-28T00:35:25.9152428Z [36;1m  "Backend-Huancavelica-Alertas-Agricolas/services/ai-service"[0m
2025-11-28T00:35:25.9154441Z [36;1m  "Backend-Huancavelica-Alertas-Agricolas/services/ingest-service"[0m
2025-11-28T00:35:25.9156191Z [36;1m  "Frontend-Huancavelica-Alertas-Agricolas"[0m
2025-11-28T00:35:25.9157399Z [36;1m)[0m
2025-11-28T00:35:25.9158268Z [36;1mfor pkg in "${SERVICES[@]}"; do[0m
2025-11-28T00:35:25.9159617Z [36;1m  if [ -f "$pkg/package.json" ]; then[0m
2025-11-28T00:35:25.9160942Z [36;1m    echo "--- Installing dependencies for $pkg ---"[0m
2025-11-28T00:35:25.9162298Z [36;1m    if [ -f "$pkg/package-lock.json" ]; then[0m
2025-11-28T00:35:25.9164157Z [36;1m      npm ci --prefix "$pkg" --legacy-peer-deps || npm install --prefix "$pkg" --legacy-peer-deps[0m
2025-11-28T00:35:25.9165911Z [36;1m    else[0m
2025-11-28T00:35:25.9166915Z [36;1m      npm install --prefix "$pkg" --legacy-peer-deps[0m
2025-11-28T00:35:25.9168154Z [36;1m    fi[0m
2025-11-28T00:35:25.9168912Z [36;1m  fi[0m
2025-11-28T00:35:25.9169891Z [36;1mdone[0m
2025-11-28T00:35:25.9217275Z shell: /usr/bin/bash -e {0}
2025-11-28T00:35:25.9218231Z ##[endgroup]
2025-11-28T00:35:25.9310967Z Installing dependencies for all services...
2025-11-28T00:35:25.9313303Z --- Installing dependencies for Backend-Huancavelica-Alertas-Agricolas/services/auth-service ---
2025-11-28T00:35:29.1671033Z npm warn deprecated lodash.omit@4.5.0: This package is deprecated. Use destructuring assignment syntax instead.
2025-11-28T00:35:29.5091128Z npm warn deprecated inflight@1.0.6: This module is not supported, and leaks memory. Do not use it. Check out lru-cache if you want a good and tested way to coalesce async requests by a key value, which is much more comprehensive and powerful.
2025-11-28T00:35:29.8816422Z npm warn deprecated subscriptions-transport-ws@0.11.0: The `subscriptions-transport-ws` package is no longer maintained. We recommend you use `graphql-ws` instead. For help migrating Apollo software to `graphql-ws`, see https://www.apollographql.com/docs/apollo-server/data/subscriptions/#switching-from-subscriptions-transport-ws    For general help using `graphql-ws`, see https://github.com/enisdenjo/graphql-ws/blob/master/README.md
2025-11-28T00:35:30.1108576Z npm warn deprecated apollo-server-types@3.8.0: The `apollo-server-types` package is part of Apollo Server v2 and v3, which are now end-of-life (as of October 22nd 2023 and October 22nd 2024, respectively). This package's functionality is now found in the `@apollo/server` package. See https://www.apollographql.com/docs/apollo-server/previous-versions/ for more details.
2025-11-28T00:35:30.1113569Z npm warn deprecated apollo-server-plugin-base@3.7.2: The `apollo-server-plugin-base` package is part of Apollo Server v2 and v3, which are now end-of-life (as of October 22nd 2023 and October 22nd 2024, respectively). This package's functionality is now found in the `@apollo/server` package. See https://www.apollographql.com/docs/apollo-server/previous-versions/ for more details.
2025-11-28T00:35:30.1405892Z npm warn deprecated apollo-server-errors@3.3.1: The `apollo-server-errors` package is part of Apollo Server v2 and v3, which are now end-of-life (as of October 22nd 2023 and October 22nd 2024, respectively). This package's functionality is now found in the `@apollo/server` package. See https://www.apollographql.com/docs/apollo-server/previous-versions/ for more details.
2025-11-28T00:35:30.1410547Z npm warn deprecated apollo-datasource@3.3.2: The `apollo-datasource` package is part of Apollo Server v2 and v3, which are now end-of-life (as of October 22nd 2023 and October 22nd 2024, respectively). See https://www.apollographql.com/docs/apollo-server/previous-versions/ for more details.
2025-11-28T00:35:30.2082629Z npm warn deprecated apollo-server-express@3.13.0: The `apollo-server-express` package is part of Apollo Server v2 and v3, which are now end-of-life (as of October 22nd 2023 and October 22nd 2024, respectively). This package's functionality is now found in the `@apollo/server` package. See https://www.apollographql.com/docs/apollo-server/previous-versions/ for more details.
2025-11-28T00:35:30.2735915Z npm warn deprecated @types/winston@2.4.4: This is a stub types definition. winston provides its own type definitions, so you do not need this installed.
2025-11-28T00:35:30.3685544Z npm warn deprecated apollo-server-env@4.2.1: The `apollo-server-env` package is part of Apollo Server v2 and v3, which are now end-of-life (as of October 22nd 2023 and October 22nd 2024, respectively). This package's functionality is now found in the `@apollo/utils.fetcher` package. See https://www.apollographql.com/docs/apollo-server/previous-versions/ for more details.
2025-11-28T00:35:30.5478446Z npm warn deprecated apollo-reporting-protobuf@3.4.0: The `apollo-reporting-protobuf` package is part of Apollo Server v2 and v3, which are now end-of-life (as of October 22nd 2023 and October 22nd 2024, respectively). This package's functionality is now found in the `@apollo/usage-reporting-protobuf` package. See https://www.apollographql.com/docs/apollo-server/previous-versions/ for more details.
2025-11-28T00:35:31.1993133Z npm warn deprecated glob@7.2.3: Glob versions prior to v9 are no longer supported
2025-11-28T00:35:31.4167431Z npm warn deprecated @apollo/server-gateway-interface@1.1.1: @apollo/server-gateway-interface v1 is part of Apollo Server v4, which is deprecated and will transition to end-of-life on January 26, 2026. As long as you are already using a non-EOL version of Node.js, upgrading to v2 should take only a few minutes. See https://www.apollographql.com/docs/apollo-server/previous-versions for details.
2025-11-28T00:35:31.5335103Z npm warn deprecated @apollo/server-plugin-landing-page-graphql-playground@4.0.0: The use of GraphQL Playground in Apollo Server was supported in previous versions, but this is no longer the case as of December 31, 2022. This package exists for v4 migration purposes only. We do not intend to resolve security issues or other bugs with this package if they arise, so please migrate away from this to [Apollo Server's default Explorer](https://www.apollographql.com/docs/apollo-server/api/plugin/landing-pages) as soon as possible.
2025-11-28T00:35:32.5601374Z npm warn deprecated apollo-server-core@3.13.0: The `apollo-server-core` package is part of Apollo Server v2 and v3, which are now end-of-life (as of October 22nd 2023 and October 22nd 2024, respectively). This package's functionality is now found in the `@apollo/server` package. See https://www.apollographql.com/docs/apollo-server/previous-versions/ for more details.
2025-11-28T00:35:33.5749810Z npm warn deprecated @apollo/server@4.12.2: Apollo Server v4 is deprecated and will transition to end-of-life on January 26, 2026. As long as you are already using a non-EOL version of Node.js, upgrading to v5 should take only a few minutes. See https://www.apollographql.com/docs/apollo-server/previous-versions for details.
2025-11-28T00:35:36.9312225Z 
2025-11-28T00:35:36.9313277Z added 835 packages, and audited 836 packages in 11s
2025-11-28T00:35:36.9314032Z 
2025-11-28T00:35:36.9314593Z 119 packages are looking for funding
2025-11-28T00:35:36.9315453Z   run `npm fund` for details
2025-11-28T00:35:36.9392881Z 
2025-11-28T00:35:36.9393425Z 3 vulnerabilities (1 moderate, 2 high)
2025-11-28T00:35:36.9393997Z 
2025-11-28T00:35:36.9395727Z To address issues that do not require attention, run:
2025-11-28T00:35:36.9396439Z   npm audit fix
2025-11-28T00:35:36.9396969Z 
2025-11-28T00:35:36.9397445Z To address all issues (including breaking changes), run:
2025-11-28T00:35:36.9398130Z   npm audit fix --force
2025-11-28T00:35:36.9399968Z 
2025-11-28T00:35:36.9400223Z Run `npm audit` for details.
2025-11-28T00:35:36.9676024Z --- Installing dependencies for Backend-Huancavelica-Alertas-Agricolas/services/users-service ---
2025-11-28T00:35:38.3807027Z npm warn deprecated lodash.omit@4.5.0: This package is deprecated. Use destructuring assignment syntax instead.
2025-11-28T00:35:38.4547723Z npm warn deprecated apollo-datasource@3.3.2: The `apollo-datasource` package is part of Apollo Server v2 and v3, which are now end-of-life (as of October 22nd 2023 and October 22nd 2024, respectively). See https://www.apollographql.com/docs/apollo-server/previous-versions/ for more details.
2025-11-28T00:35:38.4873490Z npm warn deprecated apollo-server-plugin-base@3.7.2: The `apollo-server-plugin-base` package is part of Apollo Server v2 and v3, which are now end-of-life (as of October 22nd 2023 and October 22nd 2024, respectively). This package's functionality is now found in the `@apollo/server` package. See https://www.apollographql.com/docs/apollo-server/previous-versions/ for more details.
2025-11-28T00:35:38.5022160Z npm warn deprecated apollo-server-types@3.8.0: The `apollo-server-types` package is part of Apollo Server v2 and v3, which are now end-of-life (as of October 22nd 2023 and October 22nd 2024, respectively). This package's functionality is now found in the `@apollo/server` package. See https://www.apollographql.com/docs/apollo-server/previous-versions/ for more details.
2025-11-28T00:35:38.5026993Z npm warn deprecated apollo-server-errors@3.3.1: The `apollo-server-errors` package is part of Apollo Server v2 and v3, which are now end-of-life (as of October 22nd 2023 and October 22nd 2024, respectively). This package's functionality is now found in the `@apollo/server` package. See https://www.apollographql.com/docs/apollo-server/previous-versions/ for more details.
2025-11-28T00:35:38.5776798Z npm warn deprecated apollo-server-express@3.13.0: The `apollo-server-express` package is part of Apollo Server v2 and v3, which are now end-of-life (as of October 22nd 2023 and October 22nd 2024, respectively). This package's functionality is now found in the `@apollo/server` package. See https://www.apollographql.com/docs/apollo-server/previous-versions/ for more details.
2025-11-28T00:35:38.6416437Z npm warn deprecated @apollo/server-gateway-interface@1.1.1: @apollo/server-gateway-interface v1 is part of Apollo Server v4, which is deprecated and will transition to end-of-life on January 26, 2026. As long as you are already using a non-EOL version of Node.js, upgrading to v2 should take only a few minutes. See https://www.apollographql.com/docs/apollo-server/previous-versions for details.
2025-11-28T00:35:38.6728844Z npm warn deprecated @apollo/server-plugin-landing-page-graphql-playground@4.0.0: The use of GraphQL Playground in Apollo Server was supported in previous versions, but this is no longer the case as of December 31, 2022. This package exists for v4 migration purposes only. We do not intend to resolve security issues or other bugs with this package if they arise, so please migrate away from this to [Apollo Server's default Explorer](https://www.apollographql.com/docs/apollo-server/api/plugin/landing-pages) as soon as possible.
2025-11-28T00:35:38.6766741Z npm warn deprecated apollo-server-env@4.2.1: The `apollo-server-env` package is part of Apollo Server v2 and v3, which are now end-of-life (as of October 22nd 2023 and October 22nd 2024, respectively). This package's functionality is now found in the `@apollo/utils.fetcher` package. See https://www.apollographql.com/docs/apollo-server/previous-versions/ for more details.
2025-11-28T00:35:38.7475914Z npm warn deprecated apollo-reporting-protobuf@3.4.0: The `apollo-reporting-protobuf` package is part of Apollo Server v2 and v3, which are now end-of-life (as of October 22nd 2023 and October 22nd 2024, respectively). This package's functionality is now found in the `@apollo/usage-reporting-protobuf` package. See https://www.apollographql.com/docs/apollo-server/previous-versions/ for more details.
2025-11-28T00:35:38.8308418Z npm warn deprecated subscriptions-transport-ws@0.11.0: The `subscriptions-transport-ws` package is no longer maintained. We recommend you use `graphql-ws` instead. For help migrating Apollo software to `graphql-ws`, see https://www.apollographql.com/docs/apollo-server/data/subscriptions/#switching-from-subscriptions-transport-ws    For general help using `graphql-ws`, see https://github.com/enisdenjo/graphql-ws/blob/master/README.md
2025-11-28T00:35:39.1470075Z npm warn deprecated apollo-server-core@3.13.0: The `apollo-server-core` package is part of Apollo Server v2 and v3, which are now end-of-life (as of October 22nd 2023 and October 22nd 2024, respectively). This package's functionality is now found in the `@apollo/server` package. See https://www.apollographql.com/docs/apollo-server/previous-versions/ for more details.
2025-11-28T00:35:39.4232481Z npm warn deprecated @apollo/server@4.12.2: Apollo Server v4 is deprecated and will transition to end-of-life on January 26, 2026. As long as you are already using a non-EOL version of Node.js, upgrading to v5 should take only a few minutes. See https://www.apollographql.com/docs/apollo-server/previous-versions for details.
2025-11-28T00:35:40.8539195Z 
2025-11-28T00:35:40.8539929Z added 331 packages, and audited 332 packages in 4s
2025-11-28T00:35:40.8540372Z 
2025-11-28T00:35:40.8547073Z 48 packages are looking for funding
2025-11-28T00:35:40.8547644Z   run `npm fund` for details
2025-11-28T00:35:40.8629986Z 
2025-11-28T00:35:40.8630547Z 3 vulnerabilities (1 moderate, 2 high)
2025-11-28T00:35:40.8631141Z 
2025-11-28T00:35:40.8631726Z To address issues that do not require attention, run:
2025-11-28T00:35:40.8632527Z   npm audit fix
2025-11-28T00:35:40.8632904Z 
2025-11-28T00:35:40.8640786Z To address all issues (including breaking changes), run:
2025-11-28T00:35:40.8641500Z   npm audit fix --force
2025-11-28T00:35:40.8641824Z 
2025-11-28T00:35:40.8642381Z Run `npm audit` for details.
2025-11-28T00:35:40.8837178Z --- Installing dependencies for Backend-Huancavelica-Alertas-Agricolas/services/rest-service ---
2025-11-28T00:35:42.6600117Z npm warn deprecated inflight@1.0.6: This module is not supported, and leaks memory. Do not use it. Check out lru-cache if you want a good and tested way to coalesce async requests by a key value, which is much more comprehensive and powerful.
2025-11-28T00:35:42.7394111Z npm warn deprecated lodash.omit@4.5.0: This package is deprecated. Use destructuring assignment syntax instead.
2025-11-28T00:35:42.8875188Z npm warn deprecated glob@7.2.3: Glob versions prior to v9 are no longer supported
2025-11-28T00:35:43.1578025Z npm warn deprecated supertest@6.3.4: Please upgrade to supertest v7.1.3+, see release notes at https://github.com/forwardemail/supertest/releases/tag/v7.1.3 - maintenance is supported by Forward Email @ https://forwardemail.net
2025-11-28T00:35:43.1800540Z npm warn deprecated @apollo/server-gateway-interface@1.1.1: @apollo/server-gateway-interface v1 is part of Apollo Server v4, which is deprecated and will transition to end-of-life on January 26, 2026. As long as you are already using a non-EOL version of Node.js, upgrading to v2 should take only a few minutes. See https://www.apollographql.com/docs/apollo-server/previous-versions for details.
2025-11-28T00:35:43.2224080Z npm warn deprecated @apollo/server-plugin-landing-page-graphql-playground@4.0.0: The use of GraphQL Playground in Apollo Server was supported in previous versions, but this is no longer the case as of December 31, 2022. This package exists for v4 migration purposes only. We do not intend to resolve security issues or other bugs with this package if they arise, so please migrate away from this to [Apollo Server's default Explorer](https://www.apollographql.com/docs/apollo-server/api/plugin/landing-pages) as soon as possible.
2025-11-28T00:35:43.4472403Z npm warn deprecated subscriptions-transport-ws@0.11.0: The `subscriptions-transport-ws` package is no longer maintained. We recommend you use `graphql-ws` instead. For help migrating Apollo software to `graphql-ws`, see https://www.apollographql.com/docs/apollo-server/data/subscriptions/#switching-from-subscriptions-transport-ws    For general help using `graphql-ws`, see https://github.com/enisdenjo/graphql-ws/blob/master/README.md
2025-11-28T00:35:43.5415199Z npm warn deprecated superagent@8.1.2: Please upgrade to superagent v10.2.2+, see release notes at https://github.com/forwardemail/superagent/releases/tag/v10.2.2 - maintenance is supported by Forward Email @ https://forwardemail.net
2025-11-28T00:35:44.1432721Z npm warn deprecated @apollo/server@4.12.2: Apollo Server v4 is deprecated and will transition to end-of-life on January 26, 2026. As long as you are already using a non-EOL version of Node.js, upgrading to v5 should take only a few minutes. See https://www.apollographql.com/docs/apollo-server/previous-versions for details.
2025-11-28T00:35:45.5092106Z 
2025-11-28T00:35:45.5092816Z added 550 packages, and audited 551 packages in 5s
2025-11-28T00:35:45.5093285Z 
2025-11-28T00:35:45.5093759Z 86 packages are looking for funding
2025-11-28T00:35:45.5094249Z   run `npm fund` for details
2025-11-28T00:35:45.5163538Z 
2025-11-28T00:35:45.5164477Z 3 vulnerabilities (1 moderate, 2 high)
2025-11-28T00:35:45.5165038Z 
2025-11-28T00:35:45.5166515Z To address issues that do not require attention, run:
2025-11-28T00:35:45.5177119Z   npm audit fix
2025-11-28T00:35:45.5177327Z 
2025-11-28T00:35:45.5177693Z To address all issues (including breaking changes), run:
2025-11-28T00:35:45.5178216Z   npm audit fix --force
2025-11-28T00:35:45.5178433Z 
2025-11-28T00:35:45.5178613Z Run `npm audit` for details.
2025-11-28T00:35:45.5469968Z --- Installing dependencies for Backend-Huancavelica-Alertas-Agricolas/services/weather-service ---
2025-11-28T00:35:47.7442752Z npm warn deprecated @types/winston@2.4.4: This is a stub types definition. winston provides its own type definitions, so you do not need this installed.
2025-11-28T00:35:47.7908787Z npm warn deprecated inflight@1.0.6: This module is not supported, and leaks memory. Do not use it. Check out lru-cache if you want a good and tested way to coalesce async requests by a key value, which is much more comprehensive and powerful.
2025-11-28T00:35:48.0802195Z npm warn deprecated glob@7.2.3: Glob versions prior to v9 are no longer supported
2025-11-28T00:35:48.4330546Z npm warn deprecated lodash.get@4.4.2: This package is deprecated. Use the optional chaining (?.) operator instead.
2025-11-28T00:35:52.4992032Z 
2025-11-28T00:35:52.4992915Z added 629 packages, and audited 631 packages in 7s
2025-11-28T00:35:52.4993338Z 
2025-11-28T00:35:52.4993597Z 108 packages are looking for funding
2025-11-28T00:35:52.4994031Z   run `npm fund` for details
2025-11-28T00:35:52.5048551Z 
2025-11-28T00:35:52.5049544Z 4 vulnerabilities (1 moderate, 3 high)
2025-11-28T00:35:52.5049897Z 
2025-11-28T00:35:52.5050237Z To address issues that do not require attention, run:
2025-11-28T00:35:52.5050718Z   npm audit fix
2025-11-28T00:35:52.5050918Z 
2025-11-28T00:35:52.5051234Z Some issues need review, and may require choosing
2025-11-28T00:35:52.5051755Z a different dependency.
2025-11-28T00:35:52.5051981Z 
2025-11-28T00:35:52.5052153Z Run `npm audit` for details.
2025-11-28T00:35:52.5449591Z --- Installing dependencies for Backend-Huancavelica-Alertas-Agricolas/services/ai-service ---
2025-11-28T00:35:54.2849341Z npm warn deprecated inflight@1.0.6: This module is not supported, and leaks memory. Do not use it. Check out lru-cache if you want a good and tested way to coalesce async requests by a key value, which is much more comprehensive and powerful.
2025-11-28T00:35:54.5794442Z npm warn deprecated glob@7.2.3: Glob versions prior to v9 are no longer supported
2025-11-28T00:35:59.6154790Z 
2025-11-28T00:35:59.6155922Z added 539 packages, and audited 540 packages in 7s
2025-11-28T00:35:59.6156228Z 
2025-11-28T00:35:59.6156788Z 66 packages are looking for funding
2025-11-28T00:35:59.6157257Z   run `npm fund` for details
2025-11-28T00:35:59.6186346Z 
2025-11-28T00:35:59.6186867Z 2 vulnerabilities (1 moderate, 1 high)
2025-11-28T00:35:59.6187506Z 
2025-11-28T00:35:59.6188573Z To address issues that do not require attention, run:
2025-11-28T00:35:59.6189816Z   npm audit fix
2025-11-28T00:35:59.6190246Z 
2025-11-28T00:35:59.6190770Z Some issues need review, and may require choosing
2025-11-28T00:35:59.6191739Z a different dependency.
2025-11-28T00:35:59.6193530Z 
2025-11-28T00:35:59.6193986Z Run `npm audit` for details.
2025-11-28T00:35:59.6534939Z --- Installing dependencies for Backend-Huancavelica-Alertas-Agricolas/services/ingest-service ---
2025-11-28T00:36:00.2504988Z 
2025-11-28T00:36:00.2505876Z added 13 packages, and audited 14 packages in 542ms
2025-11-28T00:36:00.2526496Z 
2025-11-28T00:36:00.2526846Z 1 high severity vulnerability
2025-11-28T00:36:00.2527433Z 
2025-11-28T00:36:00.2527785Z Some issues need review, and may require choosing
2025-11-28T00:36:00.2528360Z a different dependency.
2025-11-28T00:36:00.2528607Z 
2025-11-28T00:36:00.2528864Z Run `npm audit` for details.
2025-11-28T00:36:00.2606918Z --- Installing dependencies for Frontend-Huancavelica-Alertas-Agricolas ---
2025-11-28T00:36:01.9494105Z npm warn deprecated inflight@1.0.6: This module is not supported, and leaks memory. Do not use it. Check out lru-cache if you want a good and tested way to coalesce async requests by a key value, which is much more comprehensive and powerful.
2025-11-28T00:36:02.1373189Z npm warn deprecated glob@7.2.3: Glob versions prior to v9 are no longer supported
2025-11-28T00:36:02.6889847Z npm warn deprecated sourcemap-codec@1.4.8: Please use @jridgewell/sourcemap-codec instead
2025-11-28T00:36:03.3018816Z npm warn deprecated domexception@4.0.0: Use your platform's native DOMException instead
2025-11-28T00:36:03.4868085Z npm warn deprecated abab@2.0.6: Use your platform's native atob() and btoa() methods instead
2025-11-28T00:36:04.4696745Z npm warn deprecated source-map@0.8.0-beta.0: The work that was done in this beta branch won't be included in future versions
2025-11-28T00:36:08.4295463Z 
2025-11-28T00:36:08.4296375Z added 589 packages, and audited 590 packages in 8s
2025-11-28T00:36:08.4296675Z 
2025-11-28T00:36:08.4296829Z 118 packages are looking for funding
2025-11-28T00:36:08.4297102Z   run `npm fund` for details
2025-11-28T00:36:08.4385319Z 
2025-11-28T00:36:08.4385856Z 2 moderate severity vulnerabilities
2025-11-28T00:36:08.4386225Z 
2025-11-28T00:36:08.4386598Z To address issues that do not require attention, run:
2025-11-28T00:36:08.4387125Z   npm audit fix
2025-11-28T00:36:08.4387329Z 
2025-11-28T00:36:08.4387509Z To address all issues, run:
2025-11-28T00:36:08.4387932Z   npm audit fix --force
2025-11-28T00:36:08.4388175Z 
2025-11-28T00:36:08.4388376Z Run `npm audit` for details.
2025-11-28T00:36:08.4757461Z ##[group]Run echo "Running tests for rest-service..."
2025-11-28T00:36:08.4758030Z [36;1mecho "Running tests for rest-service..."[0m
2025-11-28T00:36:08.4758337Z [36;1mnpm test -- --passWithNoTests[0m
2025-11-28T00:36:08.4797595Z shell: /usr/bin/bash -e {0}
2025-11-28T00:36:08.4798001Z ##[endgroup]
2025-11-28T00:36:08.4868515Z Running tests for rest-service...
2025-11-28T00:36:08.5969358Z 
2025-11-28T00:36:08.5969691Z > rest-service@0.1.0 test
2025-11-28T00:36:08.5970302Z > jest --config jest.config.json --passWithNoTests
2025-11-28T00:36:08.5970563Z 
2025-11-28T00:36:09.9273023Z   console.log
2025-11-28T00:36:09.9274341Z     Building image rest-int:1764290169765 using Dockerfile /home/runner/work/PAT-AH/PAT-AH/Backend-Huancavelica-Alertas-Agricolas/services/rest-service/Dockerfile
2025-11-28T00:36:09.9275371Z 
2025-11-28T00:36:09.9275790Z       at Object.log (test/integration/run_container_integration.spec.js:23:17)
2025-11-28T00:36:09.9276266Z 
2025-11-28T00:36:10.7981695Z PASS test/rest.controller.int.spec.js
2025-11-28T00:36:10.7983575Z   RestController (integration)
2025-11-28T00:36:10.7986309Z     ✓ POST /api/users -> create user (49 ms)
2025-11-28T00:36:10.7987553Z     ✓ POST /api/auth/login -> login user (5 ms)
2025-11-28T00:36:10.7990045Z     ✓ GET /api/me returns decoded token payload when Authorization header present (7 ms)
2025-11-28T00:36:10.7991087Z     ✓ GET /api/me with invalid token should be anonymous (4 ms)
2025-11-28T00:36:10.7991962Z     ✓ GET /api/me with expired token should be anonymous (5 ms)
2025-11-28T00:36:10.7992377Z 
2025-11-28T00:36:11.0791285Z PASS test/auth.service.spec.js
2025-11-28T00:36:11.0791778Z   AuthService (unit)
2025-11-28T00:36:11.0792851Z     ✓ register: hashes password, creates user and returns token (no password in user) (3 ms)
2025-11-28T00:36:11.0793849Z     ✓ login: returns token and user when credentials valid (1 ms)
2025-11-28T00:36:11.0794535Z     ✓ login: returns null when user not found
2025-11-28T00:36:11.0794843Z 
2025-11-28T00:36:11.2445848Z   console.warn
2025-11-28T00:36:11.2446916Z     Could not load @tensorflow/tfjs-node native bindings. Falling back to @tensorflow/tfjs (JS). Performance may be slower.
2025-11-28T00:36:11.2447669Z 
2025-11-28T00:36:11.2448232Z       at Object.warn (../ai-service/src/ai-microservice/services/machine-learning.service.ts:12:8)
2025-11-28T00:36:11.2449482Z       at Object.require (../ai-service/src/ai-microservice/ai.controller.ts:17:1)
2025-11-28T00:36:11.2450247Z       at Object.require (test/e2e/full.flow.spec.js:5:26)
2025-11-28T00:36:11.2450673Z 
2025-11-28T00:36:11.7436309Z PASS test/e2e/full.flow.spec.js
2025-11-28T00:36:11.7436956Z   Full E2E flow: register -> AI predict (mocked deps)
2025-11-28T00:36:11.7438092Z     ✓ complete flow: register user then request ai predict-with-weather (40 ms)
2025-11-28T00:36:11.7438616Z 
2025-11-28T00:36:12.1317901Z #0 building with "default" instance using docker driver
2025-11-28T00:36:12.1318297Z 
2025-11-28T00:36:12.1318573Z #1 [internal] load build definition from Dockerfile
2025-11-28T00:36:12.1319269Z #1 transferring dockerfile: 1.28kB done
2025-11-28T00:36:12.1319592Z #1 DONE 0.0s
2025-11-28T00:36:12.1319732Z 
2025-11-28T00:36:12.1320007Z #2 [auth] library/node:pull token for registry-1.docker.io
2025-11-28T00:36:12.1322498Z #2 DONE 0.0s
2025-11-28T00:36:12.1322701Z 
2025-11-28T00:36:12.1323101Z #3 [internal] load metadata for docker.io/library/node:20
2025-11-28T00:36:12.2888106Z #3 ...
2025-11-28T00:36:12.2888275Z 
2025-11-28T00:36:12.2888559Z #4 [internal] load metadata for docker.io/library/node:20-slim
2025-11-28T00:36:12.2888883Z #4 DONE 0.4s
2025-11-28T00:36:12.4136736Z 
2025-11-28T00:36:12.4140019Z #3 [internal] load metadata for docker.io/library/node:20
2025-11-28T00:36:12.4141031Z #3 DONE 0.4s
2025-11-28T00:36:12.4141539Z 
2025-11-28T00:36:12.4141841Z #5 [internal] load .dockerignore
2025-11-28T00:36:12.4142765Z #5 transferring context: 2B done
2025-11-28T00:36:12.4143148Z #5 DONE 0.0s
2025-11-28T00:36:12.4143321Z 
2025-11-28T00:36:12.4144572Z #6 [builder 1/7] FROM docker.io/library/node:20@sha256:66d2eb8b463114d1f416d61dbd5fa9cea83e8fc250feb997338467728a06124b
2025-11-28T00:36:12.4146415Z #6 resolve docker.io/library/node:20@sha256:66d2eb8b463114d1f416d61dbd5fa9cea83e8fc250feb997338467728a06124b done
2025-11-28T00:36:12.4147865Z #6 sha256:4232e547f04af7f5c9f6e873d56dd740caae50a20f95146e63082b7fb15de803 2.49kB / 2.49kB done
2025-11-28T00:36:12.4149382Z #6 sha256:c07ac7d6dbedae7e726ea8286914090dbeaf657bf0a1e154f812909c46c58693 6.75kB / 6.75kB done
2025-11-28T00:36:12.4150708Z #6 sha256:708274aafe49b02dddc66f97a5c45bb0b8fcf481ce6b43785b11f287fd4e4e1b 0B / 48.48MB 0.1s
2025-11-28T00:36:12.4152016Z #6 sha256:66d2eb8b463114d1f416d61dbd5fa9cea83e8fc250feb997338467728a06124b 6.41kB / 6.41kB done
2025-11-28T00:36:12.4153344Z #6 sha256:8cdff261ed5cee6fd4e729e68c2831a0abc6c7c017569ab45dfd2240bcc3712d 0B / 24.03MB 0.1s
2025-11-28T00:36:12.4154663Z #6 sha256:078b2eece9b24f617524f986db4dd04f977e3e7d6fe15a9088a584147bc6ba05 0B / 64.40MB 0.1s
2025-11-28T00:36:12.5134609Z #6 sha256:708274aafe49b02dddc66f97a5c45bb0b8fcf481ce6b43785b11f287fd4e4e1b 7.34MB / 48.48MB 0.2s
2025-11-28T00:36:12.5136272Z #6 sha256:8cdff261ed5cee6fd4e729e68c2831a0abc6c7c017569ab45dfd2240bcc3712d 12.58MB / 24.03MB 0.2s
2025-11-28T00:36:12.5137831Z #6 sha256:078b2eece9b24f617524f986db4dd04f977e3e7d6fe15a9088a584147bc6ba05 4.19MB / 64.40MB 0.2s
2025-11-28T00:36:12.6137491Z #6 sha256:708274aafe49b02dddc66f97a5c45bb0b8fcf481ce6b43785b11f287fd4e4e1b 17.55MB / 48.48MB 0.3s
2025-11-28T00:36:12.6142000Z #6 sha256:8cdff261ed5cee6fd4e729e68c2831a0abc6c7c017569ab45dfd2240bcc3712d 24.03MB / 24.03MB 0.2s done
2025-11-28T00:36:12.6143284Z #6 sha256:078b2eece9b24f617524f986db4dd04f977e3e7d6fe15a9088a584147bc6ba05 9.44MB / 64.40MB 0.3s
2025-11-28T00:36:12.6144466Z #6 sha256:a1208d53eb0667932469017a5ef3960e5ed2aea9143d62b983abe2f8593eeb9a 0B / 211.46MB 0.3s
2025-11-28T00:36:12.7613186Z #6 sha256:708274aafe49b02dddc66f97a5c45bb0b8fcf481ce6b43785b11f287fd4e4e1b 30.41MB / 48.48MB 0.4s
2025-11-28T00:36:12.7614741Z #6 sha256:078b2eece9b24f617524f986db4dd04f977e3e7d6fe15a9088a584147bc6ba05 15.73MB / 64.40MB 0.4s
2025-11-28T00:36:12.8641055Z #6 sha256:708274aafe49b02dddc66f97a5c45bb0b8fcf481ce6b43785b11f287fd4e4e1b 42.99MB / 48.48MB 0.5s
2025-11-28T00:36:12.8643292Z #6 sha256:078b2eece9b24f617524f986db4dd04f977e3e7d6fe15a9088a584147bc6ba05 23.07MB / 64.40MB 0.5s
2025-11-28T00:36:12.8644642Z #6 sha256:a1208d53eb0667932469017a5ef3960e5ed2aea9143d62b983abe2f8593eeb9a 20.97MB / 211.46MB 0.5s
2025-11-28T00:36:12.9970792Z #6 sha256:708274aafe49b02dddc66f97a5c45bb0b8fcf481ce6b43785b11f287fd4e4e1b 48.48MB / 48.48MB 0.5s done
2025-11-28T00:36:12.9972299Z #6 sha256:078b2eece9b24f617524f986db4dd04f977e3e7d6fe15a9088a584147bc6ba05 31.46MB / 64.40MB 0.6s
2025-11-28T00:36:12.9973567Z #6 sha256:3f3086dc4794e75936310457d642857d1b103ddecb3c11b4d08aa5765b5b6d5f 0B / 3.33kB 0.6s
2025-11-28T00:36:12.9974736Z #6 extracting sha256:708274aafe49b02dddc66f97a5c45bb0b8fcf481ce6b43785b11f287fd4e4e1b
2025-11-28T00:36:13.0967363Z #6 sha256:078b2eece9b24f617524f986db4dd04f977e3e7d6fe15a9088a584147bc6ba05 40.89MB / 64.40MB 0.7s
2025-11-28T00:36:13.0968793Z #6 sha256:a1208d53eb0667932469017a5ef3960e5ed2aea9143d62b983abe2f8593eeb9a 44.04MB / 211.46MB 0.7s
2025-11-28T00:36:13.0970688Z #6 sha256:3f3086dc4794e75936310457d642857d1b103ddecb3c11b4d08aa5765b5b6d5f 3.33kB / 3.33kB 0.6s done
2025-11-28T00:36:13.0972264Z #6 sha256:cab17b1d52faa70a441da1bbc6884ba494bb232114491ff4f9125c4dd3922a7f 1.05MB / 48.41MB 0.7s
2025-11-28T00:36:13.2016031Z #6 sha256:078b2eece9b24f617524f986db4dd04f977e3e7d6fe15a9088a584147bc6ba05 49.28MB / 64.40MB 0.8s
2025-11-28T00:36:13.2017817Z #6 sha256:a1208d53eb0667932469017a5ef3960e5ed2aea9143d62b983abe2f8593eeb9a 55.57MB / 211.46MB 0.8s
2025-11-28T00:36:13.2020175Z #6 sha256:cab17b1d52faa70a441da1bbc6884ba494bb232114491ff4f9125c4dd3922a7f 7.34MB / 48.41MB 0.8s
2025-11-28T00:36:13.3020835Z #6 sha256:078b2eece9b24f617524f986db4dd04f977e3e7d6fe15a9088a584147bc6ba05 64.40MB / 64.40MB 0.9s
2025-11-28T00:36:13.3025912Z #6 sha256:cab17b1d52faa70a441da1bbc6884ba494bb232114491ff4f9125c4dd3922a7f 16.78MB / 48.41MB 0.9s
2025-11-28T00:36:13.4070356Z #6 sha256:078b2eece9b24f617524f986db4dd04f977e3e7d6fe15a9088a584147bc6ba05 64.40MB / 64.40MB 0.9s done
2025-11-28T00:36:13.4072748Z #6 sha256:a1208d53eb0667932469017a5ef3960e5ed2aea9143d62b983abe2f8593eeb9a 77.59MB / 211.46MB 1.0s
2025-11-28T00:36:13.4075858Z #6 sha256:cab17b1d52faa70a441da1bbc6884ba494bb232114491ff4f9125c4dd3922a7f 23.07MB / 48.41MB 1.0s
2025-11-28T00:36:13.4077239Z #6 sha256:7785152ed412f78b7125808272a63f5c86ba9a41a0512ae0e690234c905a077a 1.25MB / 1.25MB 0.9s done
2025-11-28T00:36:13.4078533Z #6 sha256:895878b2e74c8e0e0a2cd1db585e46390697432b15f4b8ee087814f939115a26 0B / 449B 1.0s
2025-11-28T00:36:13.5291600Z #6 sha256:a1208d53eb0667932469017a5ef3960e5ed2aea9143d62b983abe2f8593eeb9a 101.71MB / 211.46MB 1.2s
2025-11-28T00:36:13.5293769Z #6 sha256:cab17b1d52faa70a441da1bbc6884ba494bb232114491ff4f9125c4dd3922a7f 39.85MB / 48.41MB 1.2s
2025-11-28T00:36:13.5296060Z #6 sha256:895878b2e74c8e0e0a2cd1db585e46390697432b15f4b8ee087814f939115a26 449B / 449B 1.0s done
2025-11-28T00:36:13.6561591Z #6 sha256:cab17b1d52faa70a441da1bbc6884ba494bb232114491ff4f9125c4dd3922a7f 44.04MB / 48.41MB 1.3s
2025-11-28T00:36:13.7797289Z #6 sha256:a1208d53eb0667932469017a5ef3960e5ed2aea9143d62b983abe2f8593eeb9a 124.78MB / 211.46MB 1.4s
2025-11-28T00:36:13.7798782Z #6 sha256:cab17b1d52faa70a441da1bbc6884ba494bb232114491ff4f9125c4dd3922a7f 48.41MB / 48.41MB 1.4s
2025-11-28T00:36:13.8794831Z #6 sha256:cab17b1d52faa70a441da1bbc6884ba494bb232114491ff4f9125c4dd3922a7f 48.41MB / 48.41MB 1.4s done
2025-11-28T00:36:13.9814932Z #6 sha256:a1208d53eb0667932469017a5ef3960e5ed2aea9143d62b983abe2f8593eeb9a 145.75MB / 211.46MB 1.6s
2025-11-28T00:36:14.1887294Z #6 sha256:a1208d53eb0667932469017a5ef3960e5ed2aea9143d62b983abe2f8593eeb9a 167.77MB / 211.46MB 1.8s
2025-11-28T00:36:14.2959283Z #6 sha256:a1208d53eb0667932469017a5ef3960e5ed2aea9143d62b983abe2f8593eeb9a 178.72MB / 211.46MB 1.9s
2025-11-28T00:36:14.4143458Z #6 sha256:a1208d53eb0667932469017a5ef3960e5ed2aea9143d62b983abe2f8593eeb9a 198.18MB / 211.46MB 2.1s
2025-11-28T00:36:14.7080335Z #6 sha256:a1208d53eb0667932469017a5ef3960e5ed2aea9143d62b983abe2f8593eeb9a 211.46MB / 211.46MB 2.3s
2025-11-28T00:36:14.9214549Z #6 sha256:a1208d53eb0667932469017a5ef3960e5ed2aea9143d62b983abe2f8593eeb9a 211.46MB / 211.46MB 2.5s done
2025-11-28T00:36:15.1770538Z #6 ...
2025-11-28T00:36:15.1773163Z 
2025-11-28T00:36:15.1774084Z #7 [internal] load build context
2025-11-28T00:36:15.1775104Z #7 transferring context: 175.62MB 2.8s done
2025-11-28T00:36:15.1775582Z #7 DONE 2.9s
2025-11-28T00:36:15.3010359Z 
2025-11-28T00:36:15.3011721Z #6 [builder 1/7] FROM docker.io/library/node:20@sha256:66d2eb8b463114d1f416d61dbd5fa9cea83e8fc250feb997338467728a06124b
2025-11-28T00:36:16.3074157Z #6 extracting sha256:708274aafe49b02dddc66f97a5c45bb0b8fcf481ce6b43785b11f287fd4e4e1b 3.3s done
2025-11-28T00:36:16.6026485Z #6 extracting sha256:8cdff261ed5cee6fd4e729e68c2831a0abc6c7c017569ab45dfd2240bcc3712d
2025-11-28T00:36:18.5025132Z #6 extracting sha256:8cdff261ed5cee6fd4e729e68c2831a0abc6c7c017569ab45dfd2240bcc3712d 1.7s done
2025-11-28T00:36:18.7424414Z #6 extracting sha256:078b2eece9b24f617524f986db4dd04f977e3e7d6fe15a9088a584147bc6ba05
2025-11-28T00:36:20.5226652Z #6 ...
2025-11-28T00:36:20.5227097Z 
2025-11-28T00:36:20.5228074Z #8 [stage-1 1/4] FROM docker.io/library/node:20-slim@sha256:fbb357f69d05c97333855b0846e4ef65462409728312df3c9ff12c941741c0a5
2025-11-28T00:36:20.5232053Z #8 resolve docker.io/library/node:20-slim@sha256:fbb357f69d05c97333855b0846e4ef65462409728312df3c9ff12c941741c0a5 done
2025-11-28T00:36:20.5233540Z #8 sha256:2438320b4ccbd33ac7604379feb463eb5663acc8da2e8b1b6922748b6f37d40f 6.87kB / 6.87kB done
2025-11-28T00:36:20.5234635Z #8 sha256:fbb357f69d05c97333855b0846e4ef65462409728312df3c9ff12c941741c0a5 6.49kB / 6.49kB done
2025-11-28T00:36:20.5235786Z #8 sha256:4067c96fe6907b2879ee0405b943943084466749c1f0bd16158a7a4794ac85a1 1.93kB / 1.93kB done
2025-11-28T00:36:20.5237604Z #8 sha256:8e44f01296e3a6fdc31a671bee1c2259c5d5ee8b49f29aec42b5d2af15600296 28.23MB / 28.23MB 1.4s done
2025-11-28T00:36:20.5239519Z #8 sha256:667488fa52209fbc392b2a49e68f3c46df0c44d8b917f2453da1e5fac360c23e 3.31kB / 3.31kB 1.5s done
2025-11-28T00:36:20.5240784Z #8 sha256:e96ce70b461ab9fac01418f8ac4e109475e7792d8b9d50a4e43db49543cc1d53 40.99MB / 40.99MB 2.0s done
2025-11-28T00:36:20.5242098Z #8 sha256:6c2b787b4c4591781a78ed49926828fe9c8ab50228f8ccf38a6ab8ac9a22ac80 1.71MB / 1.71MB 1.6s done
2025-11-28T00:36:20.5243295Z #8 extracting sha256:8e44f01296e3a6fdc31a671bee1c2259c5d5ee8b49f29aec42b5d2af15600296 2.1s done
2025-11-28T00:36:20.5244336Z #8 sha256:aa42edbc26fe12272cc806bf99cf4d5d6b2a2cf09f4b6f5492eff9604be18e84 448B / 448B 1.6s done
2025-11-28T00:36:20.5245500Z #8 extracting sha256:667488fa52209fbc392b2a49e68f3c46df0c44d8b917f2453da1e5fac360c23e done
2025-11-28T00:36:20.5246819Z #8 extracting sha256:e96ce70b461ab9fac01418f8ac4e109475e7792d8b9d50a4e43db49543cc1d53 1.3s done
2025-11-28T00:36:20.5247913Z #8 extracting sha256:6c2b787b4c4591781a78ed49926828fe9c8ab50228f8ccf38a6ab8ac9a22ac80 0.0s done
2025-11-28T00:36:20.5248855Z #8 extracting sha256:aa42edbc26fe12272cc806bf99cf4d5d6b2a2cf09f4b6f5492eff9604be18e84 done
2025-11-28T00:36:20.5249739Z #8 DONE 8.1s
2025-11-28T00:36:20.5249927Z 
2025-11-28T00:36:20.5250183Z #9 [stage-1 2/4] WORKDIR /usr/src/app
2025-11-28T00:36:20.5250497Z #9 DONE 0.0s
2025-11-28T00:36:20.5250675Z 
2025-11-28T00:36:20.5251183Z #6 [builder 1/7] FROM docker.io/library/node:20@sha256:66d2eb8b463114d1f416d61dbd5fa9cea83e8fc250feb997338467728a06124b
2025-11-28T00:36:20.5251890Z #6 ...
2025-11-28T00:36:20.5252020Z 
2025-11-28T00:36:20.5252782Z #10 [stage-1 3/4] RUN apt-get update -y && apt-get install -y openssl ca-certificates curl iproute2 procps --no-install-recommends && rm -rf /var/lib/apt/lists/*
2025-11-28T00:36:20.6357713Z #10 0.185 Get:1 http://deb.debian.org/debian bookworm InRelease [151 kB]
2025-11-28T00:36:20.7680145Z #10 0.204 Get:2 http://deb.debian.org/debian bookworm-updates InRelease [55.4 kB]
2025-11-28T00:36:20.7682786Z #10 0.209 Get:3 http://deb.debian.org/debian-security bookworm-security InRelease [48.0 kB]
2025-11-28T00:36:20.7684166Z #10 0.275 Get:4 http://deb.debian.org/debian bookworm/main amd64 Packages [8791 kB]
2025-11-28T00:36:20.9014599Z #10 0.340 Get:5 http://deb.debian.org/debian bookworm-updates/main amd64 Packages [6924 B]
2025-11-28T00:36:20.9015885Z #10 0.399 Get:6 http://deb.debian.org/debian-security bookworm-security/main amd64 Packages [288 kB]
2025-11-28T00:36:21.8034278Z #10 1.266 Fetched 9341 kB in 1s (8539 kB/s)
2025-11-28T00:36:22.3523226Z #10 1.266 Reading package lists...
2025-11-28T00:36:22.9337257Z #10 1.841 Reading package lists...
2025-11-28T00:36:23.0350913Z #10 2.411 Building dependency tree...
2025-11-28T00:36:23.0351593Z #10 2.520 Reading state information...
2025-11-28T00:36:23.1379980Z #10 2.626 The following additional packages will be installed:
2025-11-28T00:36:23.1381498Z #10 2.626   libbpf1 libbrotli1 libbsd0 libcap2-bin libcurl4 libelf1 libgssapi-krb5-2
2025-11-28T00:36:23.1385084Z #10 2.626   libk5crypto3 libkeyutils1 libkrb5-3 libkrb5support0 libldap-2.5-0 libmnl0
2025-11-28T00:36:23.1387920Z #10 2.626   libncursesw6 libnghttp2-14 libproc2-0 libpsl5 librtmp1 libsasl2-2
2025-11-28T00:36:23.1389213Z #10 2.626   libsasl2-modules-db libssh2-1 libssl3 libtirpc-common libtirpc3 libxtables12
2025-11-28T00:36:23.1389962Z #10 2.627 Suggested packages:
2025-11-28T00:36:23.1390542Z #10 2.627   iproute2-doc python3:any krb5-doc krb5-user
2025-11-28T00:36:23.1391108Z #10 2.627 Recommended packages:
2025-11-28T00:36:23.1391864Z #10 2.627   libatm1 libpam-cap krb5-locales libldap-common libgpm2 publicsuffix
2025-11-28T00:36:23.1392579Z #10 2.627   libsasl2-modules psmisc
2025-11-28T00:36:23.3428041Z #10 2.796 The following NEW packages will be installed:
2025-11-28T00:36:23.3429202Z #10 2.796   ca-certificates curl iproute2 libbpf1 libbrotli1 libbsd0 libcap2-bin
2025-11-28T00:36:23.3434860Z #10 2.796   libcurl4 libelf1 libgssapi-krb5-2 libk5crypto3 libkeyutils1 libkrb5-3
2025-11-28T00:36:23.3437620Z #10 2.797   libkrb5support0 libldap-2.5-0 libmnl0 libncursesw6 libnghttp2-14 libproc2-0
2025-11-28T00:36:23.3440563Z #10 2.797   libpsl5 librtmp1 libsasl2-2 libsasl2-modules-db libssh2-1 libssl3
2025-11-28T00:36:23.3441496Z #10 2.797   libtirpc-common libtirpc3 libxtables12 openssl procps
2025-11-28T00:36:23.3442356Z #10 2.828 0 upgraded, 30 newly installed, 0 to remove and 0 not upgraded.
2025-11-28T00:36:23.3443021Z #10 2.828 Need to get 8390 kB of archives.
2025-11-28T00:36:23.3443778Z #10 2.828 After this operation, 23.3 MB of additional disk space will be used.
2025-11-28T00:36:23.3444855Z #10 2.828 Get:1 http://deb.debian.org/debian bookworm/main amd64 libelf1 amd64 0.188-2.1 [174 kB]
2025-11-28T00:36:23.3446949Z #10 2.845 Get:2 http://deb.debian.org/debian bookworm/main amd64 libbpf1 amd64 1:1.1.2-0+deb12u1 [145 kB]
2025-11-28T00:36:23.3449211Z #10 2.847 Get:3 http://deb.debian.org/debian bookworm/main amd64 libbsd0 amd64 0.11.7-2 [117 kB]
2025-11-28T00:36:23.3450749Z #10 2.851 Get:4 http://deb.debian.org/debian bookworm/main amd64 libmnl0 amd64 1.0.4-3 [12.5 kB]
2025-11-28T00:36:23.3453435Z #10 2.852 Get:5 http://deb.debian.org/debian bookworm/main amd64 libkrb5support0 amd64 1.20.1-2+deb12u4 [33.2 kB]
2025-11-28T00:36:23.3456445Z #10 2.852 Get:6 http://deb.debian.org/debian bookworm/main amd64 libk5crypto3 amd64 1.20.1-2+deb12u4 [79.8 kB]
2025-11-28T00:36:23.3457955Z #10 2.853 Get:7 http://deb.debian.org/debian bookworm/main amd64 libkeyutils1 amd64 1.6.3-2 [8808 B]
2025-11-28T00:36:23.3459625Z #10 2.853 Get:8 http://deb.debian.org/debian-security bookworm-security/main amd64 libssl3 amd64 3.0.17-1~deb12u3 [2028 kB]
2025-11-28T00:36:23.3461062Z #10 2.868 Get:9 http://deb.debian.org/debian bookworm/main amd64 libkrb5-3 amd64 1.20.1-2+deb12u4 [334 kB]
2025-11-28T00:36:23.3462451Z #10 2.870 Get:10 http://deb.debian.org/debian bookworm/main amd64 libgssapi-krb5-2 amd64 1.20.1-2+deb12u4 [135 kB]
2025-11-28T00:36:23.3463838Z #10 2.871 Get:11 http://deb.debian.org/debian bookworm/main amd64 libtirpc-common all 1.3.3+ds-1 [14.0 kB]
2025-11-28T00:36:23.3465927Z #10 2.871 Get:12 http://deb.debian.org/debian bookworm/main amd64 libtirpc3 amd64 1.3.3+ds-1 [85.2 kB]
2025-11-28T00:36:23.3467173Z #10 2.872 Get:13 http://deb.debian.org/debian bookworm/main amd64 libxtables12 amd64 1.8.9-2 [30.8 kB]
2025-11-28T00:36:23.3468511Z #10 2.873 Get:14 http://deb.debian.org/debian bookworm/main amd64 libcap2-bin amd64 1:2.66-4+deb12u2 [34.9 kB]
2025-11-28T00:36:23.3469933Z #10 2.874 Get:15 http://deb.debian.org/debian bookworm/main amd64 iproute2 amd64 6.1.0-3 [1046 kB]
2025-11-28T00:36:23.3471164Z #10 2.878 Get:16 http://deb.debian.org/debian bookworm/main amd64 libncursesw6 amd64 6.4-4 [134 kB]
2025-11-28T00:36:23.3472476Z #10 2.880 Get:17 http://deb.debian.org/debian bookworm/main amd64 libproc2-0 amd64 2:4.0.2-3 [62.8 kB]
2025-11-28T00:36:23.3473654Z #10 2.881 Get:18 http://deb.debian.org/debian bookworm/main amd64 procps amd64 2:4.0.2-3 [709 kB]
2025-11-28T00:36:23.3475069Z #10 2.888 Get:19 http://deb.debian.org/debian-security bookworm-security/main amd64 openssl amd64 3.0.17-1~deb12u3 [1434 kB]
2025-11-28T00:36:23.3478385Z #10 2.892 Get:20 http://deb.debian.org/debian bookworm/main amd64 ca-certificates all 20230311+deb12u1 [155 kB]
2025-11-28T00:36:23.4777818Z #10 2.895 Get:21 http://deb.debian.org/debian bookworm/main amd64 libbrotli1 amd64 1.0.9-2+b6 [275 kB]
2025-11-28T00:36:23.4779478Z #10 2.895 Get:22 http://deb.debian.org/debian bookworm/main amd64 libsasl2-modules-db amd64 2.1.28+dfsg-10 [20.3 kB]
2025-11-28T00:36:23.4780875Z #10 2.895 Get:23 http://deb.debian.org/debian bookworm/main amd64 libsasl2-2 amd64 2.1.28+dfsg-10 [59.7 kB]
2025-11-28T00:36:23.4783340Z #10 2.895 Get:24 http://deb.debian.org/debian bookworm/main amd64 libldap-2.5-0 amd64 2.5.13+dfsg-5 [183 kB]
2025-11-28T00:36:23.4784374Z #10 2.896 Get:25 http://deb.debian.org/debian bookworm/main amd64 libnghttp2-14 amd64 1.52.0-1+deb12u2 [73.0 kB]
2025-11-28T00:36:23.4785777Z #10 2.897 Get:26 http://deb.debian.org/debian bookworm/main amd64 libpsl5 amd64 0.21.2-1 [58.7 kB]
2025-11-28T00:36:23.4787078Z #10 2.897 Get:27 http://deb.debian.org/debian bookworm/main amd64 librtmp1 amd64 2.4+20151223.gitfa8646d.1-2+b2 [60.8 kB]
2025-11-28T00:36:23.4787820Z #10 2.898 Get:28 http://deb.debian.org/debian bookworm/main amd64 libssh2-1 amd64 1.10.0-3+b1 [179 kB]
2025-11-28T00:36:23.4788808Z #10 2.902 Get:29 http://deb.debian.org/debian bookworm/main amd64 libcurl4 amd64 7.88.1-10+deb12u14 [392 kB]
2025-11-28T00:36:23.4790076Z #10 2.928 Get:30 http://deb.debian.org/debian bookworm/main amd64 curl amd64 7.88.1-10+deb12u14 [316 kB]
2025-11-28T00:36:23.5893724Z #10 3.052 debconf: delaying package configuration, since apt-utils is not installed
2025-11-28T00:36:23.5894885Z #10 3.075 Fetched 8390 kB in 0s (66.0 MB/s)
2025-11-28T00:36:23.5898366Z #10 3.097 Selecting previously unselected package libelf1:amd64.
2025-11-28T00:36:23.5899179Z #10 3.097 (Reading database ... 
2025-11-28T00:36:23.5899608Z (Reading database ... 5%
2025-11-28T00:36:23.5900031Z (Reading database ... 10%
2025-11-28T00:36:23.5900418Z (Reading database ... 15%
2025-11-28T00:36:23.5900822Z (Reading database ... 20%
2025-11-28T00:36:23.5901211Z (Reading database ... 25%
2025-11-28T00:36:23.5901560Z (Reading database ... 30%
2025-11-28T00:36:23.5901943Z (Reading database ... 35%
2025-11-28T00:36:23.5902313Z (Reading database ... 40%
2025-11-28T00:36:23.5902691Z (Reading database ... 45%
2025-11-28T00:36:23.5903089Z (Reading database ... 50%
2025-11-28T00:36:23.5903475Z (Reading database ... 55%
2025-11-28T00:36:23.5903857Z (Reading database ... 60%
2025-11-28T00:36:23.5904262Z (Reading database ... 65%
2025-11-28T00:36:23.5904629Z (Reading database ... 70%
2025-11-28T00:36:23.5905005Z (Reading database ... 75%
2025-11-28T00:36:23.5905386Z (Reading database ... 80%
2025-11-28T00:36:23.5905758Z (Reading database ... 85%
2025-11-28T00:36:23.5906143Z (Reading database ... 90%
2025-11-28T00:36:23.5906518Z (Reading database ... 95%
2025-11-28T00:36:23.5906907Z (Reading database ... 100%
2025-11-28T00:36:23.5907592Z (Reading database ... 6095 files and directories currently installed.)
2025-11-28T00:36:23.5908437Z #10 3.103 Preparing to unpack .../00-libelf1_0.188-2.1_amd64.deb ...
2025-11-28T00:36:23.5909415Z #10 3.105 Unpacking libelf1:amd64 (0.188-2.1) ...
2025-11-28T00:36:23.5910117Z #10 3.138 Selecting previously unselected package libbpf1:amd64.
2025-11-28T00:36:23.6898800Z #10 3.141 Preparing to unpack .../01-libbpf1_1%3a1.1.2-0+deb12u1_amd64.deb ...
2025-11-28T00:36:23.6905695Z #10 3.141 Unpacking libbpf1:amd64 (1:1.1.2-0+deb12u1) ...
2025-11-28T00:36:23.6906480Z #10 3.168 Selecting previously unselected package libbsd0:amd64.
2025-11-28T00:36:23.6907080Z #10 3.169 Preparing to unpack .../02-libbsd0_0.11.7-2_amd64.deb ...
2025-11-28T00:36:23.6907482Z #10 3.171 Unpacking libbsd0:amd64 (0.11.7-2) ...
2025-11-28T00:36:23.6907891Z #10 3.196 Selecting previously unselected package libmnl0:amd64.
2025-11-28T00:36:23.6908325Z #10 3.197 Preparing to unpack .../03-libmnl0_1.0.4-3_amd64.deb ...
2025-11-28T00:36:23.6908730Z #10 3.199 Unpacking libmnl0:amd64 (1.0.4-3) ...
2025-11-28T00:36:23.6909617Z #10 3.217 Selecting previously unselected package libkrb5support0:amd64.
2025-11-28T00:36:23.6910487Z #10 3.218 Preparing to unpack .../04-libkrb5support0_1.20.1-2+deb12u4_amd64.deb ...
2025-11-28T00:36:23.6911368Z #10 3.219 Unpacking libkrb5support0:amd64 (1.20.1-2+deb12u4) ...
2025-11-28T00:36:23.6912140Z #10 3.239 Selecting previously unselected package libk5crypto3:amd64.
2025-11-28T00:36:23.8119233Z #10 3.240 Preparing to unpack .../05-libk5crypto3_1.20.1-2+deb12u4_amd64.deb ...
2025-11-28T00:36:23.8123223Z #10 3.241 Unpacking libk5crypto3:amd64 (1.20.1-2+deb12u4) ...
2025-11-28T00:36:23.8126460Z #10 3.263 Selecting previously unselected package libkeyutils1:amd64.
2025-11-28T00:36:23.8129476Z #10 3.265 Preparing to unpack .../06-libkeyutils1_1.6.3-2_amd64.deb ...
2025-11-28T00:36:23.8130220Z #10 3.266 Unpacking libkeyutils1:amd64 (1.6.3-2) ...
2025-11-28T00:36:23.8131223Z #10 3.286 Selecting previously unselected package libssl3:amd64.
2025-11-28T00:36:23.8132286Z #10 3.287 Preparing to unpack .../07-libssl3_3.0.17-1~deb12u3_amd64.deb ...
2025-11-28T00:36:23.8134645Z #10 3.289 Unpacking libssl3:amd64 (3.0.17-1~deb12u3) ...
2025-11-28T00:36:23.9190259Z #10 3.438 Selecting previously unselected package libkrb5-3:amd64.
2025-11-28T00:36:23.9193388Z #10 3.439 Preparing to unpack .../08-libkrb5-3_1.20.1-2+deb12u4_amd64.deb ...
2025-11-28T00:36:23.9194201Z #10 3.440 Unpacking libkrb5-3:amd64 (1.20.1-2+deb12u4) ...
2025-11-28T00:36:24.0262160Z #10 3.486 Selecting previously unselected package libgssapi-krb5-2:amd64.
2025-11-28T00:36:24.0265444Z #10 3.488 Preparing to unpack .../09-libgssapi-krb5-2_1.20.1-2+deb12u4_amd64.deb ...
2025-11-28T00:36:24.0266946Z #10 3.489 Unpacking libgssapi-krb5-2:amd64 (1.20.1-2+deb12u4) ...
2025-11-28T00:36:24.0267762Z #10 3.515 Selecting previously unselected package libtirpc-common.
2025-11-28T00:36:24.0268624Z #10 3.516 Preparing to unpack .../10-libtirpc-common_1.3.3+ds-1_all.deb ...
2025-11-28T00:36:24.0269569Z #10 3.517 Unpacking libtirpc-common (1.3.3+ds-1) ...
2025-11-28T00:36:24.0271173Z #10 3.536 Selecting previously unselected package libtirpc3:amd64.
2025-11-28T00:36:24.0272003Z #10 3.537 Preparing to unpack .../11-libtirpc3_1.3.3+ds-1_amd64.deb ...
2025-11-28T00:36:24.0272727Z #10 3.538 Unpacking libtirpc3:amd64 (1.3.3+ds-1) ...
2025-11-28T00:36:24.0273474Z #10 3.563 Selecting previously unselected package libxtables12:amd64.
2025-11-28T00:36:24.0274294Z #10 3.564 Preparing to unpack .../12-libxtables12_1.8.9-2_amd64.deb ...
2025-11-28T00:36:24.0274987Z #10 3.565 Unpacking libxtables12:amd64 (1.8.9-2) ...
2025-11-28T00:36:24.1294478Z #10 3.584 Selecting previously unselected package libcap2-bin.
2025-11-28T00:36:24.1301534Z #10 3.585 Preparing to unpack .../13-libcap2-bin_1%3a2.66-4+deb12u2_amd64.deb ...
2025-11-28T00:36:24.1302345Z #10 3.587 Unpacking libcap2-bin (1:2.66-4+deb12u2) ...
2025-11-28T00:36:24.1303029Z #10 3.613 Selecting previously unselected package iproute2.
2025-11-28T00:36:24.1303817Z #10 3.614 Preparing to unpack .../14-iproute2_6.1.0-3_amd64.deb ...
2025-11-28T00:36:24.1304460Z #10 3.616 Unpacking iproute2 (6.1.0-3) ...
2025-11-28T00:36:24.2326024Z #10 3.713 Selecting previously unselected package libncursesw6:amd64.
2025-11-28T00:36:24.2329913Z #10 3.714 Preparing to unpack .../15-libncursesw6_6.4-4_amd64.deb ...
2025-11-28T00:36:24.2332199Z #10 3.716 Unpacking libncursesw6:amd64 (6.4-4) ...
2025-11-28T00:36:24.2333881Z #10 3.744 Selecting previously unselected package libproc2-0:amd64.
2025-11-28T00:36:24.2335216Z #10 3.746 Preparing to unpack .../16-libproc2-0_2%3a4.0.2-3_amd64.deb ...
2025-11-28T00:36:24.2335937Z #10 3.747 Unpacking libproc2-0:amd64 (2:4.0.2-3) ...
2025-11-28T00:36:24.2336566Z #10 3.770 Selecting previously unselected package procps.
2025-11-28T00:36:24.2337319Z #10 3.772 Preparing to unpack .../17-procps_2%3a4.0.2-3_amd64.deb ...
2025-11-28T00:36:24.3377666Z #10 3.782 Unpacking procps (2:4.0.2-3) ...
2025-11-28T00:36:24.3378473Z #10 3.850 Selecting previously unselected package openssl.
2025-11-28T00:36:24.3380691Z #10 3.852 Preparing to unpack .../18-openssl_3.0.17-1~deb12u3_amd64.deb ...
2025-11-28T00:36:24.3382084Z #10 3.853 Unpacking openssl (3.0.17-1~deb12u3) ...
2025-11-28T00:36:24.4401470Z #10 3.969 Selecting previously unselected package ca-certificates.
2025-11-28T00:36:24.4403817Z #10 3.970 Preparing to unpack .../19-ca-certificates_20230311+deb12u1_all.deb ...
2025-11-28T00:36:24.4404686Z #10 3.972 Unpacking ca-certificates (20230311+deb12u1) ...
2025-11-28T00:36:24.5444451Z #10 4.025 Selecting previously unselected package libbrotli1:amd64.
2025-11-28T00:36:24.5447969Z #10 4.026 Preparing to unpack .../20-libbrotli1_1.0.9-2+b6_amd64.deb ...
2025-11-28T00:36:24.5449295Z #10 4.028 Unpacking libbrotli1:amd64 (1.0.9-2+b6) ...
2025-11-28T00:36:24.5450362Z #10 4.067 Selecting previously unselected package libsasl2-modules-db:amd64.
2025-11-28T00:36:24.5451340Z #10 4.068 Preparing to unpack .../21-libsasl2-modules-db_2.1.28+dfsg-10_amd64.deb ...
2025-11-28T00:36:24.5452474Z #10 4.070 Unpacking libsasl2-modules-db:amd64 (2.1.28+dfsg-10) ...
2025-11-28T00:36:24.5453585Z #10 4.093 Selecting previously unselected package libsasl2-2:amd64.
2025-11-28T00:36:24.6449729Z #10 4.095 Preparing to unpack .../22-libsasl2-2_2.1.28+dfsg-10_amd64.deb ...
2025-11-28T00:36:24.6450580Z #10 4.098 Unpacking libsasl2-2:amd64 (2.1.28+dfsg-10) ...
2025-11-28T00:36:24.6451365Z #10 4.122 Selecting previously unselected package libldap-2.5-0:amd64.
2025-11-28T00:36:24.6452888Z #10 4.123 Preparing to unpack .../23-libldap-2.5-0_2.5.13+dfsg-5_amd64.deb ...
2025-11-28T00:36:24.6453673Z #10 4.124 Unpacking libldap-2.5-0:amd64 (2.5.13+dfsg-5) ...
2025-11-28T00:36:24.6454514Z #10 4.160 Selecting previously unselected package libnghttp2-14:amd64.
2025-11-28T00:36:24.6455426Z #10 4.161 Preparing to unpack .../24-libnghttp2-14_1.52.0-1+deb12u2_amd64.deb ...
2025-11-28T00:36:24.6458107Z #10 4.163 Unpacking libnghttp2-14:amd64 (1.52.0-1+deb12u2) ...
2025-11-28T00:36:24.6459546Z #10 4.191 Selecting previously unselected package libpsl5:amd64.
2025-11-28T00:36:24.6460356Z #10 4.192 Preparing to unpack .../25-libpsl5_0.21.2-1_amd64.deb ...
2025-11-28T00:36:24.6461025Z #10 4.194 Unpacking libpsl5:amd64 (0.21.2-1) ...
2025-11-28T00:36:24.7541586Z #10 4.218 Selecting previously unselected package librtmp1:amd64.
2025-11-28T00:36:24.7542942Z #10 4.220 Preparing to unpack .../26-librtmp1_2.4+20151223.gitfa8646d.1-2+b2_amd64.deb ...
2025-11-28T00:36:24.7544213Z #10 4.221 Unpacking librtmp1:amd64 (2.4+20151223.gitfa8646d.1-2+b2) ...
2025-11-28T00:36:24.7545340Z #10 4.247 Selecting previously unselected package libssh2-1:amd64.
2025-11-28T00:36:24.7547485Z #10 4.248 Preparing to unpack .../27-libssh2-1_1.10.0-3+b1_amd64.deb ...
2025-11-28T00:36:24.7548199Z #10 4.249 Unpacking libssh2-1:amd64 (1.10.0-3+b1) ...
2025-11-28T00:36:24.7548923Z #10 4.282 Selecting previously unselected package libcurl4:amd64.
2025-11-28T00:36:24.7549941Z #10 4.284 Preparing to unpack .../28-libcurl4_7.88.1-10+deb12u14_amd64.deb ...
2025-11-28T00:36:24.7550744Z #10 4.285 Unpacking libcurl4:amd64 (7.88.1-10+deb12u14) ...
2025-11-28T00:36:24.8564754Z #10 4.326 Selecting previously unselected package curl.
2025-11-28T00:36:24.8565677Z #10 4.328 Preparing to unpack .../29-curl_7.88.1-10+deb12u14_amd64.deb ...
2025-11-28T00:36:24.8566451Z #10 4.330 Unpacking curl (7.88.1-10+deb12u14) ...
2025-11-28T00:36:24.8567071Z #10 4.375 Setting up libkeyutils1:amd64 (1.6.3-2) ...
2025-11-28T00:36:24.8567731Z #10 4.379 Setting up libpsl5:amd64 (0.21.2-1) ...
2025-11-28T00:36:24.8568359Z #10 4.384 Setting up libtirpc-common (1.3.3+ds-1) ...
2025-11-28T00:36:24.8569204Z #10 4.390 Setting up libbrotli1:amd64 (1.0.9-2+b6) ...
2025-11-28T00:36:24.8569898Z #10 4.394 Setting up libssl3:amd64 (3.0.17-1~deb12u3) ...
2025-11-28T00:36:24.8570595Z #10 4.398 Setting up libnghttp2-14:amd64 (1.52.0-1+deb12u2) ...
2025-11-28T00:36:24.8571358Z #10 4.401 Setting up libkrb5support0:amd64 (1.20.1-2+deb12u4) ...
2025-11-28T00:36:24.8572107Z #10 4.405 Setting up libsasl2-modules-db:amd64 (2.1.28+dfsg-10) ...
2025-11-28T00:36:25.0069283Z #10 4.409 Setting up libcap2-bin (1:2.66-4+deb12u2) ...
2025-11-28T00:36:25.0070178Z #10 4.412 Setting up librtmp1:amd64 (2.4+20151223.gitfa8646d.1-2+b2) ...
2025-11-28T00:36:25.0071797Z #10 4.416 Setting up libproc2-0:amd64 (2:4.0.2-3) ...
2025-11-28T00:36:25.0072775Z #10 4.421 Setting up libmnl0:amd64 (1.0.4-3) ...
2025-11-28T00:36:25.0073403Z #10 4.424 Setting up libncursesw6:amd64 (6.4-4) ...
2025-11-28T00:36:25.0074127Z #10 4.427 Setting up libk5crypto3:amd64 (1.20.1-2+deb12u4) ...
2025-11-28T00:36:25.0074832Z #10 4.430 Setting up libxtables12:amd64 (1.8.9-2) ...
2025-11-28T00:36:25.0075498Z #10 4.434 Setting up libsasl2-2:amd64 (2.1.28+dfsg-10) ...
2025-11-28T00:36:25.0076127Z #10 4.438 Setting up procps (2:4.0.2-3) ...
2025-11-28T00:36:25.0076754Z #10 4.462 Setting up libssh2-1:amd64 (1.10.0-3+b1) ...
2025-11-28T00:36:25.0077425Z #10 4.465 Setting up libkrb5-3:amd64 (1.20.1-2+deb12u4) ...
2025-11-28T00:36:25.0078432Z #10 4.469 Setting up openssl (3.0.17-1~deb12u3) ...
2025-11-28T00:36:25.0079618Z #10 4.474 Setting up libbsd0:amd64 (0.11.7-2) ...
2025-11-28T00:36:25.0080239Z #10 4.477 Setting up libelf1:amd64 (0.188-2.1) ...
2025-11-28T00:36:25.0080917Z #10 4.481 Setting up libbpf1:amd64 (1:1.1.2-0+deb12u1) ...
2025-11-28T00:36:25.0081827Z #10 4.485 Setting up libldap-2.5-0:amd64 (2.5.13+dfsg-5) ...
2025-11-28T00:36:25.0083323Z #10 4.489 Setting up ca-certificates (20230311+deb12u1) ...
2025-11-28T00:36:25.1175677Z #10 4.580 debconf: unable to initialize frontend: Dialog
2025-11-28T00:36:25.1176632Z #10 4.580 debconf: (TERM is not set, so the dialog frontend is not usable.)
2025-11-28T00:36:25.1177395Z #10 4.580 debconf: falling back to frontend: Readline
2025-11-28T00:36:25.1178110Z #10 4.580 debconf: unable to initialize frontend: Readline
2025-11-28T00:36:25.1181903Z #10 4.581 debconf: (Can't locate Term/ReadLine.pm in @INC (you may need to install the Term::ReadLine module) (@INC contains: /etc/perl /usr/local/lib/x86_64-linux-gnu/perl/5.36.0 /usr/local/share/perl/5.36.0 /usr/lib/x86_64-linux-gnu/perl5/5.36 /usr/share/perl5 /usr/lib/x86_64-linux-gnu/perl-base /usr/lib/x86_64-linux-gnu/perl/5.36 /usr/share/perl/5.36 /usr/local/lib/site_perl) at /usr/share/perl5/Debconf/FrontEnd/Readline.pm line 7.)
2025-11-28T00:36:25.1184850Z #10 4.581 debconf: falling back to frontend: Teletype
2025-11-28T00:36:25.5362182Z #10 5.045 Updating certificates in /etc/ssl/certs...
2025-11-28T00:36:26.2852517Z #10 5.719 142 added, 0 removed; done.
2025-11-28T00:36:26.2853473Z #10 5.737 Setting up libgssapi-krb5-2:amd64 (1.20.1-2+deb12u4) ...
2025-11-28T00:36:26.2854258Z #10 5.741 Setting up libcurl4:amd64 (7.88.1-10+deb12u14) ...
2025-11-28T00:36:26.2854917Z #10 5.744 Setting up curl (7.88.1-10+deb12u14) ...
2025-11-28T00:36:26.2855544Z #10 5.748 Setting up libtirpc3:amd64 (1.3.3+ds-1) ...
2025-11-28T00:36:26.2856145Z #10 5.753 Setting up iproute2 (6.1.0-3) ...
2025-11-28T00:36:26.4109854Z #10 5.847 debconf: unable to initialize frontend: Dialog
2025-11-28T00:36:26.4111735Z #10 5.847 debconf: (TERM is not set, so the dialog frontend is not usable.)
2025-11-28T00:36:26.4112415Z #10 5.847 debconf: falling back to frontend: Readline
2025-11-28T00:36:26.4112912Z #10 5.848 debconf: unable to initialize frontend: Readline
2025-11-28T00:36:26.4115733Z #10 5.848 debconf: (Can't locate Term/ReadLine.pm in @INC (you may need to install the Term::ReadLine module) (@INC contains: /etc/perl /usr/local/lib/x86_64-linux-gnu/perl/5.36.0 /usr/local/share/perl/5.36.0 /usr/lib/x86_64-linux-gnu/perl5/5.36 /usr/share/perl5 /usr/lib/x86_64-linux-gnu/perl-base /usr/lib/x86_64-linux-gnu/perl/5.36 /usr/share/perl/5.36 /usr/local/lib/site_perl) at /usr/share/perl5/Debconf/FrontEnd/Readline.pm line 7.)
2025-11-28T00:36:26.4118003Z #10 5.848 debconf: falling back to frontend: Teletype
2025-11-28T00:36:26.4118759Z #10 5.873 Processing triggers for libc-bin (2.36-9+deb12u13) ...
2025-11-28T00:36:26.4120165Z #10 5.886 Processing triggers for ca-certificates (20230311+deb12u1) ...
2025-11-28T00:36:26.4120801Z #10 5.891 Updating certificates in /etc/ssl/certs...
2025-11-28T00:36:26.8771627Z #10 6.403 0 added, 0 removed; done.
2025-11-28T00:36:26.8772281Z #10 6.403 Running hooks in /etc/ca-certificates/update.d...
2025-11-28T00:36:26.8772778Z #10 6.405 done.
2025-11-28T00:36:28.2078305Z #10 DONE 7.8s
2025-11-28T00:36:28.2078594Z 
2025-11-28T00:36:28.2079805Z #6 [builder 1/7] FROM docker.io/library/node:20@sha256:66d2eb8b463114d1f416d61dbd5fa9cea83e8fc250feb997338467728a06124b
2025-11-28T00:36:28.2081019Z #6 extracting sha256:078b2eece9b24f617524f986db4dd04f977e3e7d6fe15a9088a584147bc6ba05 2.5s done
2025-11-28T00:36:28.2082169Z #6 extracting sha256:a1208d53eb0667932469017a5ef3960e5ed2aea9143d62b983abe2f8593eeb9a 5.9s done
2025-11-28T00:36:28.3560566Z #6 extracting sha256:3f3086dc4794e75936310457d642857d1b103ddecb3c11b4d08aa5765b5b6d5f done
2025-11-28T00:36:28.3561850Z #6 extracting sha256:cab17b1d52faa70a441da1bbc6884ba494bb232114491ff4f9125c4dd3922a7f 0.1s
2025-11-28T00:36:30.1170904Z #6 extracting sha256:cab17b1d52faa70a441da1bbc6884ba494bb232114491ff4f9125c4dd3922a7f 1.7s done
2025-11-28T00:36:30.1851358Z #6 extracting sha256:7785152ed412f78b7125808272a63f5c86ba9a41a0512ae0e690234c905a077a
2025-11-28T00:36:30.3611271Z #6 extracting sha256:7785152ed412f78b7125808272a63f5c86ba9a41a0512ae0e690234c905a077a 0.0s done
2025-11-28T00:36:30.3613758Z #6 extracting sha256:895878b2e74c8e0e0a2cd1db585e46390697432b15f4b8ee087814f939115a26 done
2025-11-28T00:36:30.3615690Z #6 DONE 17.9s
2025-11-28T00:36:30.3615898Z 
2025-11-28T00:36:30.3616137Z #11 [builder 2/7] WORKDIR /usr/src/app
2025-11-28T00:36:30.3616558Z #11 DONE 0.0s
2025-11-28T00:36:30.3616742Z 
2025-11-28T00:36:30.3617050Z #12 [builder 3/7] COPY package*.json ./
2025-11-28T00:36:30.3617503Z #12 DONE 0.1s
2025-11-28T00:36:30.5125549Z 
2025-11-28T00:36:30.5127042Z #13 [builder 4/7] RUN apt-get update -y && apt-get install -y openssl ca-certificates --no-install-recommends && rm -rf /var/lib/apt/lists/*  && npm install --legacy-peer-deps --no-audit --no-fund
2025-11-28T00:36:30.5146891Z #13 0.153 Get:1 http://deb.debian.org/debian bookworm InRelease [151 kB]
2025-11-28T00:36:30.6525982Z #13 0.170 Get:2 http://deb.debian.org/debian bookworm-updates InRelease [55.4 kB]
2025-11-28T00:36:30.6527398Z #13 0.176 Get:3 http://deb.debian.org/debian-security bookworm-security InRelease [48.0 kB]
2025-11-28T00:36:30.6528482Z #13 0.234 Get:4 http://deb.debian.org/debian bookworm/main amd64 Packages [8791 kB]
2025-11-28T00:36:30.6529704Z #13 0.291 Get:5 http://deb.debian.org/debian bookworm-updates/main amd64 Packages [6924 B]
2025-11-28T00:36:30.8516929Z #13 0.339 Get:6 http://deb.debian.org/debian-security bookworm-security/main amd64 Packages [288 kB]
2025-11-28T00:36:31.3978872Z #13 1.036 Fetched 9341 kB in 1s (10.4 MB/s)
2025-11-28T00:36:31.7673006Z #13 1.036 Reading package lists...
2025-11-28T00:36:32.1530788Z #13 1.421 Reading package lists...
2025-11-28T00:36:32.3552298Z #13 1.801 Building dependency tree...
2025-11-28T00:36:32.3553501Z #13 1.887 Reading state information...
2025-11-28T00:36:32.3554188Z #13 1.993 openssl is already the newest version (3.0.17-1~deb12u3).
2025-11-28T00:36:32.3554867Z #13 1.993 openssl set to manually installed.
2025-11-28T00:36:32.3555493Z #13 1.993 ca-certificates is already the newest version (20230311+deb12u1).
2025-11-28T00:36:32.3556011Z #13 1.993 0 upgraded, 0 newly installed, 0 to remove and 0 not upgraded.
2025-11-28T00:36:34.4025886Z #13 4.041 npm warn deprecated supertest@6.3.4: Please upgrade to supertest v7.1.3+, see release notes at https://github.com/forwardemail/supertest/releases/tag/v7.1.3 - maintenance is supported by Forward Email @ https://forwardemail.net
2025-11-28T00:36:34.6333773Z #13 4.271 npm warn deprecated lodash.omit@4.5.0: This package is deprecated. Use destructuring assignment syntax instead.
2025-11-28T00:36:34.9328352Z #13 4.571 npm warn deprecated inflight@1.0.6: This module is not supported, and leaks memory. Do not use it. Check out lru-cache if you want a good and tested way to coalesce async requests by a key value, which is much more comprehensive and powerful.
2025-11-28T00:36:35.1058838Z #13 4.744 npm warn deprecated glob@7.2.3: Glob versions prior to v9 are no longer supported
2025-11-28T00:36:35.4123406Z #13 5.050 npm warn deprecated superagent@8.1.2: Please upgrade to superagent v10.2.2+, see release notes at https://github.com/forwardemail/superagent/releases/tag/v10.2.2 - maintenance is supported by Forward Email @ https://forwardemail.net
2025-11-28T00:36:35.6026187Z #13 5.240 npm warn deprecated subscriptions-transport-ws@0.11.0: The `subscriptions-transport-ws` package is no longer maintained. We recommend you use `graphql-ws` instead. For help migrating Apollo software to `graphql-ws`, see https://www.apollographql.com/docs/apollo-server/data/subscriptions/#switching-from-subscriptions-transport-ws    For general help using `graphql-ws`, see https://github.com/enisdenjo/graphql-ws/blob/master/README.md
2025-11-28T00:36:36.0983154Z #13 5.736 npm warn deprecated @apollo/server-gateway-interface@1.1.1: @apollo/server-gateway-interface v1 is part of Apollo Server v4, which is deprecated and will transition to end-of-life on January 26, 2026. As long as you are already using a non-EOL version of Node.js, upgrading to v2 should take only a few minutes. See https://www.apollographql.com/docs/apollo-server/previous-versions for details.
2025-11-28T00:36:36.2561515Z #13 5.743 npm warn deprecated @apollo/server-plugin-landing-page-graphql-playground@4.0.0: The use of GraphQL Playground in Apollo Server was supported in previous versions, but this is no longer the case as of December 31, 2022. This package exists for v4 migration purposes only. We do not intend to resolve security issues or other bugs with this package if they arise, so please migrate away from this to [Apollo Server's default Explorer](https://www.apollographql.com/docs/apollo-server/api/plugin/landing-pages) as soon as possible.
2025-11-28T00:36:37.0438534Z #13 6.682 npm warn deprecated @apollo/server@4.12.2: Apollo Server v4 is deprecated and will transition to end-of-life on January 26, 2026. As long as you are already using a non-EOL version of Node.js, upgrading to v5 should take only a few minutes. See https://www.apollographql.com/docs/apollo-server/previous-versions for details.
2025-11-28T00:36:38.5847416Z #13 8.222 
2025-11-28T00:36:38.5847866Z #13 8.222 added 550 packages in 6s
2025-11-28T00:36:38.7352782Z #13 8.223 npm notice
2025-11-28T00:36:38.7353473Z #13 8.223 npm notice New major version of npm available! 10.8.2 -> 11.6.4
2025-11-28T00:36:38.7354142Z #13 8.223 npm notice Changelog: https://github.com/npm/cli/releases/tag/v11.6.4
2025-11-28T00:36:38.7354739Z #13 8.223 npm notice To update run: npm install -g npm@11.6.4
2025-11-28T00:36:38.7355108Z #13 8.223 npm notice
2025-11-28T00:36:38.7963191Z #13 DONE 8.4s
2025-11-28T00:36:38.9473452Z 
2025-11-28T00:36:38.9473927Z #14 [builder 5/7] COPY . ./
2025-11-28T00:36:42.3215624Z #14 DONE 3.5s
2025-11-28T00:36:42.4338878Z 
2025-11-28T00:36:42.4340241Z #15 [builder 6/7] RUN mkdir -p prisma && cp ../shared/prisma/schema.prisma prisma/schema.prisma || true
2025-11-28T00:36:42.4341524Z #15 0.112 cp: cannot stat '../shared/prisma/schema.prisma': No such file or directory
2025-11-28T00:36:42.6043339Z #15 DONE 0.1s
2025-11-28T00:36:42.6043576Z 
2025-11-28T00:36:42.6044365Z #16 [builder 7/7] RUN if [ -f "prisma/schema.prisma" ]; then npx prisma generate --schema=prisma/schema.prisma; fi
2025-11-28T00:36:43.2610176Z #16 0.808 Prisma schema loaded from prisma/schema.prisma
2025-11-28T00:36:43.5568852Z #16 1.104 
2025-11-28T00:36:43.5570424Z #16 1.104 ✔ Generated Prisma Client (v5.22.0) to ./node_modules/@prisma/client in 79ms
2025-11-28T00:36:43.5571114Z #16 1.104 
2025-11-28T00:36:43.5571906Z #16 1.104 Start by importing your Prisma Client (See: https://pris.ly/d/importing-client)
2025-11-28T00:36:43.5572629Z #16 1.104 
2025-11-28T00:36:43.5573753Z #16 1.104 Tip: Need your database queries to be 1000x faster? Accelerate offers you that and more: https://pris.ly/tip-2-accelerate
2025-11-28T00:36:43.5574695Z #16 1.104 
2025-11-28T00:36:43.7725392Z #16 DONE 1.3s
2025-11-28T00:36:44.7294643Z 
2025-11-28T00:36:44.7295525Z #17 [stage-1 4/4] COPY --from=builder /usr/src/app/. ./
2025-11-28T00:36:46.7993055Z #17 DONE 2.1s
2025-11-28T00:36:46.9510303Z 
2025-11-28T00:36:46.9513190Z #18 exporting to image
2025-11-28T00:36:46.9514517Z #18 exporting layers
2025-11-28T00:36:49.1209910Z #18 exporting layers 2.3s done
2025-11-28T00:36:49.1405425Z #18 writing image sha256:6cd832a46b116c05d1d85de25c2d8c56592fa0db370aef75ccb76190fd7001ad done
2025-11-28T00:36:49.1406454Z #18 naming to docker.io/library/rest-int:1764290169765 done
2025-11-28T00:36:49.1406964Z #18 DONE 2.3s
2025-11-28T00:36:54.6467042Z Unable to find image 'postgres:15' locally
2025-11-28T00:36:54.6468018Z 15: Pulling from library/postgres
2025-11-28T00:36:54.6469345Z 0e4bc2bd6656: Pulling fs layer
2025-11-28T00:36:54.6469999Z e213bd2560e2: Pulling fs layer
2025-11-28T00:36:54.6470629Z 9fcd228516aa: Pulling fs layer
2025-11-28T00:36:54.6471445Z 2e6036390374: Pulling fs layer
2025-11-28T00:36:54.6471911Z 5a19b1f63ace: Pulling fs layer
2025-11-28T00:36:54.6472575Z dd23ed782cae: Pulling fs layer
2025-11-28T00:36:54.6472963Z b10108f2d223: Pulling fs layer
2025-11-28T00:36:54.6473349Z 4eb4a683c389: Pulling fs layer
2025-11-28T00:36:54.6473770Z b475dc4bba47: Pulling fs layer
2025-11-28T00:36:54.6474180Z 2c64a0db539b: Pulling fs layer
2025-11-28T00:36:54.6474591Z 6e6c09f9e058: Pulling fs layer
2025-11-28T00:36:54.6474989Z 304e9b7c93e6: Pulling fs layer
2025-11-28T00:36:54.6475404Z 95bcad39f7ff: Pulling fs layer
2025-11-28T00:36:54.6475820Z fa51353b2c9b: Pulling fs layer
2025-11-28T00:36:54.6476176Z dd23ed782cae: Waiting
2025-11-28T00:36:54.6476503Z b10108f2d223: Waiting
2025-11-28T00:36:54.6476845Z 4eb4a683c389: Waiting
2025-11-28T00:36:54.6477285Z b475dc4bba47: Waiting
2025-11-28T00:36:54.6477664Z 2c64a0db539b: Waiting
2025-11-28T00:36:54.6501118Z 6e6c09f9e058: Waiting
2025-11-28T00:36:54.6501510Z 304e9b7c93e6: Waiting
2025-11-28T00:36:54.6501874Z 95bcad39f7ff: Waiting
2025-11-28T00:36:54.6502238Z fa51353b2c9b: Waiting
2025-11-28T00:36:54.6502598Z 5a19b1f63ace: Waiting
2025-11-28T00:36:54.6502917Z 2e6036390374: Waiting
2025-11-28T00:36:54.6503326Z e213bd2560e2: Verifying Checksum
2025-11-28T00:36:54.6503774Z e213bd2560e2: Download complete
2025-11-28T00:36:54.6504047Z 9fcd228516aa: Verifying Checksum
2025-11-28T00:36:54.6504317Z 9fcd228516aa: Download complete
2025-11-28T00:36:54.6504579Z 2e6036390374: Verifying Checksum
2025-11-28T00:36:54.6504835Z 2e6036390374: Download complete
2025-11-28T00:36:54.6505107Z 0e4bc2bd6656: Verifying Checksum
2025-11-28T00:36:54.6505363Z 0e4bc2bd6656: Download complete
2025-11-28T00:36:54.6505618Z dd23ed782cae: Verifying Checksum
2025-11-28T00:36:54.6505874Z dd23ed782cae: Download complete
2025-11-28T00:36:54.6506117Z b10108f2d223: Download complete
2025-11-28T00:36:54.6506566Z 4eb4a683c389: Verifying Checksum
2025-11-28T00:36:54.6507022Z 4eb4a683c389: Download complete
2025-11-28T00:36:54.6507465Z 2c64a0db539b: Verifying Checksum
2025-11-28T00:36:54.6507736Z 2c64a0db539b: Download complete
2025-11-28T00:36:54.6507988Z 5a19b1f63ace: Verifying Checksum
2025-11-28T00:36:54.6508241Z 5a19b1f63ace: Download complete
2025-11-28T00:36:54.6508492Z 6e6c09f9e058: Verifying Checksum
2025-11-28T00:36:54.6508760Z 6e6c09f9e058: Download complete
2025-11-28T00:36:54.6509264Z 304e9b7c93e6: Verifying Checksum
2025-11-28T00:36:54.6509531Z 304e9b7c93e6: Download complete
2025-11-28T00:36:54.6509966Z 95bcad39f7ff: Download complete
2025-11-28T00:36:54.6510435Z fa51353b2c9b: Verifying Checksum
2025-11-28T00:36:54.6510879Z fa51353b2c9b: Download complete
2025-11-28T00:36:54.6511287Z 0e4bc2bd6656: Pull complete
2025-11-28T00:36:54.6511621Z e213bd2560e2: Pull complete
2025-11-28T00:36:54.6511844Z 9fcd228516aa: Pull complete
2025-11-28T00:36:54.6512065Z 2e6036390374: Pull complete
2025-11-28T00:36:54.6512280Z 5a19b1f63ace: Pull complete
2025-11-28T00:36:54.6512500Z dd23ed782cae: Pull complete
2025-11-28T00:36:54.6512708Z b10108f2d223: Pull complete
2025-11-28T00:36:54.6512931Z 4eb4a683c389: Pull complete
2025-11-28T00:36:54.6513178Z b475dc4bba47: Download complete
2025-11-28T00:36:54.6513401Z b475dc4bba47: Pull complete
2025-11-28T00:36:54.6513622Z 2c64a0db539b: Pull complete
2025-11-28T00:36:54.6513829Z 6e6c09f9e058: Pull complete
2025-11-28T00:36:54.6514119Z 304e9b7c93e6: Pull complete
2025-11-28T00:36:54.6514499Z 95bcad39f7ff: Pull complete
2025-11-28T00:36:54.6514970Z fa51353b2c9b: Pull complete
2025-11-28T00:36:54.6515807Z Digest: sha256:24d6c206bba8c0440bceb24a8d4bf642f60bf7aea94887051ea5761d29c22323
2025-11-28T00:36:54.6516666Z Status: Downloaded newer image for postgres:15
2025-11-28T00:36:55.3163738Z   console.log
2025-11-28T00:36:55.3164309Z     Applying Prisma migrations to rest-db-1764290169765
2025-11-28T00:36:55.3164680Z 
2025-11-28T00:36:55.3165100Z       at Object.log (test/integration/run_container_integration.spec.js:48:15)
2025-11-28T00:36:55.3165579Z 
2025-11-28T00:36:55.3290130Z Unable to find image 'node:20' locally
2025-11-28T00:36:55.5090615Z 20: Pulling from library/node
2025-11-28T00:36:55.5722306Z 708274aafe49: Already exists
2025-11-28T00:36:55.5736113Z 8cdff261ed5c: Already exists
2025-11-28T00:36:55.5750390Z 078b2eece9b2: Already exists
2025-11-28T00:36:55.5762554Z a1208d53eb06: Already exists
2025-11-28T00:36:55.5777464Z 3f3086dc4794: Already exists
2025-11-28T00:36:55.5789576Z cab17b1d52fa: Already exists
2025-11-28T00:36:55.5803174Z 7785152ed412: Already exists
2025-11-28T00:36:55.5814334Z 895878b2e74c: Already exists
2025-11-28T00:36:55.6559639Z Digest: sha256:66d2eb8b463114d1f416d61dbd5fa9cea83e8fc250feb997338467728a06124b
2025-11-28T00:36:55.6569573Z Status: Downloaded newer image for node:20
2025-11-28T00:36:55.8213446Z Get:1 http://deb.debian.org/debian bookworm InRelease [151 kB]
2025-11-28T00:36:55.8404638Z Get:2 http://deb.debian.org/debian bookworm-updates InRelease [55.4 kB]
2025-11-28T00:36:55.8468494Z Get:3 http://deb.debian.org/debian-security bookworm-security InRelease [48.0 kB]
2025-11-28T00:36:55.9028534Z Get:4 http://deb.debian.org/debian bookworm/main amd64 Packages [8791 kB]
2025-11-28T00:36:55.9632831Z Get:5 http://deb.debian.org/debian bookworm-updates/main amd64 Packages [6924 B]
2025-11-28T00:36:56.0044500Z Get:6 http://deb.debian.org/debian-security bookworm-security/main amd64 Packages [288 kB]
2025-11-28T00:36:56.7151061Z Fetched 9341 kB in 1s (10.2 MB/s)
2025-11-28T00:36:57.0835859Z Reading package lists...
2025-11-28T00:36:57.4674338Z Reading package lists...
2025-11-28T00:36:57.5602728Z Building dependency tree...
2025-11-28T00:36:57.5603624Z Reading state information...
2025-11-28T00:36:57.6646501Z openssl is already the newest version (3.0.17-1~deb12u3).
2025-11-28T00:36:57.6647126Z openssl set to manually installed.
2025-11-28T00:36:57.6647799Z ca-certificates is already the newest version (20230311+deb12u1).
2025-11-28T00:36:57.6648601Z 0 upgraded, 0 newly installed, 0 to remove and 0 not upgraded.
2025-11-28T00:37:03.4161250Z Prisma schema loaded from services/shared/prisma/schema.prisma
2025-11-28T00:37:03.4191641Z Datasource "db": PostgreSQL database "pat_ah", schema "public" at "rest-db-1764290169765:5432"
2025-11-28T00:37:03.4809391Z 
2025-11-28T00:37:03.4810147Z 1 migration found in prisma/migrations
2025-11-28T00:37:03.4810516Z 
2025-11-28T00:37:03.5216309Z Applying migration `20251122_add_training_dataset`
2025-11-28T00:37:03.5285022Z 
2025-11-28T00:37:03.5294459Z The following migration(s) have been applied:
2025-11-28T00:37:03.5294899Z 
2025-11-28T00:37:03.5297349Z migrations/
2025-11-28T00:37:03.5298280Z   └─ 20251122_add_training_dataset/
2025-11-28T00:37:03.5298797Z     └─ migration.sql
2025-11-28T00:37:03.5299334Z       
2025-11-28T00:37:03.5299795Z All migrations have been successfully applied.
2025-11-28T00:37:03.6704164Z   console.log
2025-11-28T00:37:03.6704846Z     Copying SQL to container and creating User table on rest-db-1764290169765
2025-11-28T00:37:03.6705338Z 
2025-11-28T00:37:03.6705774Z       at Object.log (test/integration/run_container_integration.spec.js:73:13)
2025-11-28T00:37:03.6706280Z 
2025-11-28T00:37:03.7637792Z CREATE EXTENSION
2025-11-28T00:37:03.7639490Z psql:/tmp/_create_user.sql:1: NOTICE:  extension "uuid-ossp" already exists, skipping
2025-11-28T00:37:03.7694885Z CREATE TABLE
2025-11-28T00:37:05.6896852Z PASS test/integration/run_container_integration.spec.js (56.585 s)
2025-11-28T00:37:05.6897584Z   rest-service container integration
2025-11-28T00:37:05.6898414Z     ✓ POST /api/users persists user (1282 ms)
2025-11-28T00:37:05.6898733Z 
2025-11-28T00:37:05.7112130Z Test Suites: 1 skipped, 4 passed, 4 of 5 total
2025-11-28T00:37:05.7112865Z Tests:       1 skipped, 10 passed, 11 total
2025-11-28T00:37:05.7113361Z Snapshots:   0 total
2025-11-28T00:37:05.7113725Z Time:        56.728 s
2025-11-28T00:37:05.7114194Z Ran all test suites.
2025-11-28T00:37:05.8050009Z ##[group]Run echo "Running tests for weather-service..."
2025-11-28T00:37:05.8050489Z [36;1mecho "Running tests for weather-service..."[0m
2025-11-28T00:37:05.8050847Z [36;1mnpm test -- --passWithNoTests[0m
2025-11-28T00:37:05.8083204Z shell: /usr/bin/bash -e {0}
2025-11-28T00:37:05.8083621Z ##[endgroup]
2025-11-28T00:37:05.8134540Z Running tests for weather-service...
2025-11-28T00:37:05.9177708Z 
2025-11-28T00:37:05.9178209Z > weather-service@1.0.0 test
2025-11-28T00:37:05.9178853Z > jest --config jest.config.json --passWithNoTests
2025-11-28T00:37:05.9179351Z 
2025-11-28T00:37:06.2868663Z No tests found, exiting with code 0
2025-11-28T00:37:06.4111935Z ##[group]Run echo "Building ai-service image for integration tests (service context)..."
2025-11-28T00:37:06.4112503Z [36;1mecho "Building ai-service image for integration tests (service context)..."[0m
2025-11-28T00:37:06.4113123Z [36;1m# Use the service directory as the docker build context so paths like trained-models exist relative to Dockerfile[0m
2025-11-28T00:37:06.4113690Z [36;1mdocker build -t pat-ah/ai-service:ci -f Dockerfile . || true[0m
2025-11-28T00:37:06.4114089Z [36;1mecho "Running tests for ai-service (unit + container E2E)..."[0m
2025-11-28T00:37:06.4114534Z [36;1mnpm test -- --passWithNoTests || ( echo "ai-service tests failed" && exit 1 )[0m
2025-11-28T00:37:06.4147078Z shell: /usr/bin/bash -e {0}
2025-11-28T00:37:06.4147297Z ##[endgroup]
2025-11-28T00:37:06.4201110Z Building ai-service image for integration tests (service context)...
2025-11-28T00:37:06.6454562Z #0 building with "default" instance using docker driver
2025-11-28T00:37:06.6455065Z 
2025-11-28T00:37:06.6455512Z #1 [internal] load build definition from Dockerfile
2025-11-28T00:37:06.6456202Z #1 transferring dockerfile: 1.59kB done
2025-11-28T00:37:06.6456726Z #1 DONE 0.0s
2025-11-28T00:37:06.6456928Z 
2025-11-28T00:37:06.6457341Z #2 [internal] load metadata for docker.io/library/node:20
2025-11-28T00:37:06.6457901Z #2 DONE 0.0s
2025-11-28T00:37:06.6458101Z 
2025-11-28T00:37:06.6458496Z #3 [internal] load metadata for docker.io/library/node:20-slim
2025-11-28T00:37:06.6459190Z #3 DONE 0.1s
2025-11-28T00:37:06.7644000Z 
2025-11-28T00:37:06.7645133Z #4 [internal] load .dockerignore
2025-11-28T00:37:06.7646026Z #4 transferring context: 2B done
2025-11-28T00:37:06.7646737Z #4 DONE 0.0s
2025-11-28T00:37:06.7646957Z 
2025-11-28T00:37:06.7647287Z #5 [builder 1/8] FROM docker.io/library/node:20
2025-11-28T00:37:06.7647765Z #5 DONE 0.0s
2025-11-28T00:37:06.7648004Z 
2025-11-28T00:37:06.7649183Z #6 [stage-1 1/6] FROM docker.io/library/node:20-slim@sha256:fbb357f69d05c97333855b0846e4ef65462409728312df3c9ff12c941741c0a5
2025-11-28T00:37:06.7650131Z #6 DONE 0.0s
2025-11-28T00:37:06.7650301Z 
2025-11-28T00:37:06.7650549Z #7 [stage-1 2/6] WORKDIR /usr/src/app
2025-11-28T00:37:06.7650969Z #7 CACHED
2025-11-28T00:37:06.7651134Z 
2025-11-28T00:37:06.7652280Z #8 [stage-1 3/6] RUN apt-get update -y && apt-get install -y openssl ca-certificates curl iproute2 procps --no-install-recommends && rm -rf /var/lib/apt/lists/*
2025-11-28T00:37:06.7653308Z #8 CACHED
2025-11-28T00:37:06.7653487Z 
2025-11-28T00:37:06.7653706Z #9 [internal] load build context
2025-11-28T00:37:09.8938056Z #9 transferring context: 464.02MB 3.0s done
2025-11-28T00:37:09.8938560Z #9 DONE 3.1s
2025-11-28T00:37:09.8938768Z 
2025-11-28T00:37:09.8939201Z #10 [builder 2/8] WORKDIR /usr/src/app
2025-11-28T00:37:09.8939591Z #10 CACHED
2025-11-28T00:37:09.8939753Z 
2025-11-28T00:37:09.8939997Z #11 [builder 3/8] COPY package*.json ./
2025-11-28T00:37:10.9682502Z #11 DONE 1.2s
2025-11-28T00:37:11.1194193Z 
2025-11-28T00:37:11.1195772Z #12 [builder 4/8] RUN apt-get update -y && apt-get install -y openssl ca-certificates --no-install-recommends && rm -rf /var/lib/apt/lists/*  && npm ci --legacy-peer-deps --no-audit --no-fund
2025-11-28T00:37:11.1272490Z #12 0.158 Get:1 http://deb.debian.org/debian bookworm InRelease [151 kB]
2025-11-28T00:37:11.2721817Z #12 0.176 Get:2 http://deb.debian.org/debian bookworm-updates InRelease [55.4 kB]
2025-11-28T00:37:11.2723113Z #12 0.183 Get:3 http://deb.debian.org/debian-security bookworm-security InRelease [48.0 kB]
2025-11-28T00:37:11.2724178Z #12 0.238 Get:4 http://deb.debian.org/debian bookworm/main amd64 Packages [8791 kB]
2025-11-28T00:37:11.2725220Z #12 0.303 Get:5 http://deb.debian.org/debian bookworm-updates/main amd64 Packages [6924 B]
2025-11-28T00:37:11.4736269Z #12 0.354 Get:6 http://deb.debian.org/debian-security bookworm-security/main amd64 Packages [288 kB]
2025-11-28T00:37:12.0377293Z #12 1.069 Fetched 9341 kB in 1s (10.0 MB/s)
2025-11-28T00:37:12.4091798Z #12 1.069 Reading package lists...
2025-11-28T00:37:12.7966913Z #12 1.456 Reading package lists...
2025-11-28T00:37:12.9799932Z #12 1.837 Building dependency tree...
2025-11-28T00:37:12.9800648Z #12 1.911 Reading state information...
2025-11-28T00:37:12.9801485Z #12 2.011 openssl is already the newest version (3.0.17-1~deb12u3).
2025-11-28T00:37:12.9802279Z #12 2.011 openssl set to manually installed.
2025-11-28T00:37:12.9803194Z #12 2.011 ca-certificates is already the newest version (20230311+deb12u1).
2025-11-28T00:37:12.9803972Z #12 2.011 0 upgraded, 0 newly installed, 0 to remove and 0 not upgraded.
2025-11-28T00:37:15.3360355Z #12 4.367 npm warn deprecated inflight@1.0.6: This module is not supported, and leaks memory. Do not use it. Check out lru-cache if you want a good and tested way to coalesce async requests by a key value, which is much more comprehensive and powerful.
2025-11-28T00:37:15.4761090Z #12 4.507 npm warn deprecated glob@7.2.3: Glob versions prior to v9 are no longer supported
2025-11-28T00:37:21.0452470Z #12 10.08 
2025-11-28T00:37:21.0453722Z #12 10.08 added 539 packages in 8s
2025-11-28T00:37:21.1970346Z #12 10.08 npm notice
2025-11-28T00:37:21.1971065Z #12 10.08 npm notice New major version of npm available! 10.8.2 -> 11.6.4
2025-11-28T00:37:21.1972000Z #12 10.08 npm notice Changelog: https://github.com/npm/cli/releases/tag/v11.6.4
2025-11-28T00:37:21.1972805Z #12 10.08 npm notice To update run: npm install -g npm@11.6.4
2025-11-28T00:37:21.1973309Z #12 10.08 npm notice
2025-11-28T00:37:22.1644117Z #12 DONE 11.2s
2025-11-28T00:37:22.3153974Z 
2025-11-28T00:37:22.3154441Z #13 [builder 5/8] COPY . ./
2025-11-28T00:37:28.3732436Z #13 DONE 6.2s
2025-11-28T00:37:28.5012856Z 
2025-11-28T00:37:28.5014056Z #14 [builder 6/8] RUN mkdir -p /usr/src/app/trained-models
2025-11-28T00:37:28.5014645Z #14 DONE 0.1s
2025-11-28T00:37:28.6283987Z 
2025-11-28T00:37:28.6285508Z #15 [builder 7/8] RUN mkdir -p prisma && cp ../shared/prisma/schema.prisma prisma/schema.prisma || true
2025-11-28T00:37:28.6286713Z #15 0.126 cp: cannot stat '../shared/prisma/schema.prisma': No such file or directory
2025-11-28T00:37:28.7862335Z #15 DONE 0.1s
2025-11-28T00:37:28.7862529Z 
2025-11-28T00:37:28.7863054Z #16 [builder 8/8] RUN if [ -f "prisma/schema.prisma" ]; then npx prisma generate --schema=prisma/schema.prisma; fi
2025-11-28T00:37:29.4531218Z #16 0.817 Prisma schema loaded from prisma/schema.prisma
2025-11-28T00:37:29.7494905Z #16 1.114 
2025-11-28T00:37:29.7495882Z #16 1.114 ✔ Generated Prisma Client (v5.22.0) to ./node_modules/@prisma/client in 77ms
2025-11-28T00:37:29.7496328Z #16 1.114 
2025-11-28T00:37:29.7496829Z #16 1.114 Start by importing your Prisma Client (See: https://pris.ly/d/importing-client)
2025-11-28T00:37:29.7497315Z #16 1.114 
2025-11-28T00:37:29.7497766Z #16 1.114 Tip: Want to turn off tips and other hints? https://pris.ly/tip-4-nohints
2025-11-28T00:37:29.7498166Z #16 1.114 
2025-11-28T00:37:29.9748028Z #16 DONE 1.3s
2025-11-28T00:37:30.3723824Z 
2025-11-28T00:37:30.3730762Z #17 [stage-1 4/6] COPY --from=builder /usr/src/app/src ./src
2025-11-28T00:37:30.5368163Z #17 DONE 0.0s
2025-11-28T00:37:31.6428942Z 
2025-11-28T00:37:31.6429956Z #18 [stage-1 5/6] COPY --from=builder /usr/src/app/node_modules ./node_modules
2025-11-28T00:37:35.3678492Z #18 DONE 3.7s
2025-11-28T00:37:35.5421988Z 
2025-11-28T00:37:35.5423102Z #19 [stage-1 6/6] COPY --from=builder /usr/src/app/trained-models ./trained-models
2025-11-28T00:37:35.5424090Z #19 DONE 0.0s
2025-11-28T00:37:35.5428946Z 
2025-11-28T00:37:35.5429365Z #20 exporting to image
2025-11-28T00:37:35.5429749Z #20 exporting layers
2025-11-28T00:37:38.7174741Z #20 exporting layers 3.3s done
2025-11-28T00:37:38.7642398Z #20 writing image sha256:bcfe3d4e743fde619b8b59adf21eb073abdae2fd845b2d3e08f8aeef984f0a6f done
2025-11-28T00:37:38.7643714Z #20 naming to docker.io/pat-ah/ai-service:ci done
2025-11-28T00:37:38.7644191Z #20 DONE 3.3s
2025-11-28T00:37:38.7688313Z Running tests for ai-service (unit + container E2E)...
2025-11-28T00:37:38.8737481Z 
2025-11-28T00:37:38.8737943Z > ai-service@0.1.0 test
2025-11-28T00:37:38.8738619Z > jest --runInBand --passWithNoTests
2025-11-28T00:37:38.8738850Z 
2025-11-28T00:37:39.6313787Z #0 building with "default" instance using docker driver
2025-11-28T00:37:39.6314325Z 
2025-11-28T00:37:39.6314676Z #1 [internal] load build definition from Dockerfile
2025-11-28T00:37:39.8141992Z #1 transferring dockerfile: 1.59kB done
2025-11-28T00:37:39.8142871Z #1 DONE 0.0s
2025-11-28T00:37:39.8143755Z 
2025-11-28T00:37:39.8144454Z #2 [internal] load metadata for docker.io/library/node:20
2025-11-28T00:37:39.8145459Z #2 DONE 0.0s
2025-11-28T00:37:39.8152344Z 
2025-11-28T00:37:39.8152794Z #3 [internal] load metadata for docker.io/library/node:20-slim
2025-11-28T00:37:39.8153382Z #3 DONE 0.1s
2025-11-28T00:37:39.8153563Z 
2025-11-28T00:37:39.8153782Z #4 [internal] load .dockerignore
2025-11-28T00:37:39.8154256Z #4 transferring context: 2B done
2025-11-28T00:37:39.8154625Z #4 DONE 0.0s
2025-11-28T00:37:39.8154785Z 
2025-11-28T00:37:39.8155638Z #5 [stage-1 1/6] FROM docker.io/library/node:20-slim@sha256:fbb357f69d05c97333855b0846e4ef65462409728312df3c9ff12c941741c0a5
2025-11-28T00:37:39.8156524Z #5 DONE 0.0s
2025-11-28T00:37:39.8156712Z 
2025-11-28T00:37:39.8157019Z #6 [builder 1/8] FROM docker.io/library/node:20
2025-11-28T00:37:39.8157485Z #6 DONE 0.0s
2025-11-28T00:37:39.8157657Z 
2025-11-28T00:37:39.8157873Z #7 [internal] load build context
2025-11-28T00:37:40.5953207Z #7 transferring context: 1.70MB 0.8s done
2025-11-28T00:37:40.5953589Z #7 DONE 0.8s
2025-11-28T00:37:40.5953715Z 
2025-11-28T00:37:40.5954424Z #8 [builder 8/8] RUN if [ -f "prisma/schema.prisma" ]; then npx prisma generate --schema=prisma/schema.prisma; fi
2025-11-28T00:37:40.5955048Z #8 CACHED
2025-11-28T00:37:40.5955189Z 
2025-11-28T00:37:40.5956321Z #9 [builder 4/8] RUN apt-get update -y && apt-get install -y openssl ca-certificates --no-install-recommends && rm -rf /var/lib/apt/lists/*  && npm ci --legacy-peer-deps --no-audit --no-fund
2025-11-28T00:37:40.5957610Z #9 CACHED
2025-11-28T00:37:40.5957801Z 
2025-11-28T00:37:40.5957998Z #10 [builder 5/8] COPY . ./
2025-11-28T00:37:40.5958325Z #10 CACHED
2025-11-28T00:37:40.5958492Z 
2025-11-28T00:37:40.5958662Z #11 [builder 2/8] WORKDIR /usr/src/app
2025-11-28T00:37:40.5958901Z #11 CACHED
2025-11-28T00:37:40.5959174Z 
2025-11-28T00:37:40.5959696Z #12 [builder 7/8] RUN mkdir -p prisma && cp ../shared/prisma/schema.prisma prisma/schema.prisma || true
2025-11-28T00:37:40.5960273Z #12 CACHED
2025-11-28T00:37:40.5960430Z 
2025-11-28T00:37:40.5960613Z #13 [stage-1 2/6] WORKDIR /usr/src/app
2025-11-28T00:37:40.5961016Z #13 CACHED
2025-11-28T00:37:40.5961183Z 
2025-11-28T00:37:40.5961549Z #14 [builder 6/8] RUN mkdir -p /usr/src/app/trained-models
2025-11-28T00:37:40.5962073Z #14 CACHED
2025-11-28T00:37:40.5962210Z 
2025-11-28T00:37:40.5962416Z #15 [stage-1 4/6] COPY --from=builder /usr/src/app/src ./src
2025-11-28T00:37:40.5962691Z #15 CACHED
2025-11-28T00:37:40.5962788Z 
2025-11-28T00:37:40.5963103Z #16 [stage-1 5/6] COPY --from=builder /usr/src/app/node_modules ./node_modules
2025-11-28T00:37:40.5963689Z #16 CACHED
2025-11-28T00:37:40.5963807Z 
2025-11-28T00:37:40.5964861Z #17 [stage-1 3/6] RUN apt-get update -y && apt-get install -y openssl ca-certificates curl iproute2 procps --no-install-recommends && rm -rf /var/lib/apt/lists/*
2025-11-28T00:37:40.5965842Z #17 CACHED
2025-11-28T00:37:40.5966018Z 
2025-11-28T00:37:40.5966280Z #18 [builder 3/8] COPY package*.json ./
2025-11-28T00:37:40.5966691Z #18 CACHED
2025-11-28T00:37:40.5966855Z 
2025-11-28T00:37:40.5967313Z #19 [stage-1 6/6] COPY --from=builder /usr/src/app/trained-models ./trained-models
2025-11-28T00:37:40.5967927Z #19 CACHED
2025-11-28T00:37:40.5968059Z 
2025-11-28T00:37:40.5968154Z #20 exporting to image
2025-11-28T00:37:40.5968674Z #20 exporting layers done
2025-11-28T00:37:40.5969583Z #20 writing image sha256:bcfe3d4e743fde619b8b59adf21eb073abdae2fd845b2d3e08f8aeef984f0a6f done
2025-11-28T00:37:40.5970205Z #20 naming to docker.io/library/ai-int-test-image:1764290259522 done
2025-11-28T00:37:40.5970514Z #20 DONE 0.0s
2025-11-28T00:37:40.6559440Z   console.log
2025-11-28T00:37:40.6560275Z     [ai-container] 48abd825da17fd75c93b0618323e54a994a3364f21e6eaf71f1793ca9e719f93
2025-11-28T00:37:40.6560824Z 
2025-11-28T00:37:40.6561271Z       at Socket.log (test/integration/weather-http.integration.test.js:80:69)
2025-11-28T00:37:40.6561754Z 
2025-11-28T00:37:42.0635534Z Could not load @tensorflow/tfjs-node native bindings. Falling back to @tensorflow/tfjs (JS). Performance may be slower.
2025-11-28T00:37:42.0637917Z [31m[Nest] 1  - [39m11/28/2025, 12:37:42 AM [31m  ERROR[39m [38;5;3m[WeatherService] [39m[31mError obteniendo datos del clima: getaddrinfo ENOTFOUND host.docker.internal[39m
2025-11-28T00:37:42.0640556Z [31m[Nest] 1  - [39m11/28/2025, 12:37:42 AM [31m  ERROR[39m [38;5;3m[WeatherService] [39m[31mError obteniendo datos del clima: getaddrinfo ENOTFOUND host.docker.internal[39m
2025-11-28T00:37:42.0654377Z   console.log
2025-11-28T00:37:42.0654739Z     === ai-int-test logs ===
2025-11-28T00:37:42.0655822Z     [32m[Nest] 1  - [39m11/28/2025, 12:37:41 AM [32m    LOG[39m [38;5;3m[NestFactory] [39m[32mStarting Nest application...[39m
2025-11-28T00:37:42.0657233Z     [32m[Nest] 1  - [39m11/28/2025, 12:37:41 AM [32m    LOG[39m [38;5;3m[MachineLearningService] [39m[32mCargados 0 modelos desde disco[39m
2025-11-28T00:37:42.0658299Z     [32m[Nest] 1  - [39m11/28/2025, 12:37:41 AM [32m    LOG[39m [38;5;3m[InstanceLoader] [39m[32mAppModule dependencies initialized[39m[38;5;3m +1ms[39m
2025-11-28T00:37:42.0659496Z     [32m[Nest] 1  - [39m11/28/2025, 12:37:41 AM [32m    LOG[39m [38;5;3m[InstanceLoader] [39m[32mMulterModule dependencies initialized[39m[38;5;3m +0ms[39m
2025-11-28T00:37:42.0660479Z     [32m[Nest] 1  - [39m11/28/2025, 12:37:41 AM [32m    LOG[39m [38;5;3m[InstanceLoader] [39m[32mAiModule dependencies initialized[39m[38;5;3m +0ms[39m
2025-11-28T00:37:42.0661386Z     [32m[Nest] 1  - [39m11/28/2025, 12:37:41 AM [32m    LOG[39m [38;5;3m[RoutesResolver] [39m[32mAiController {/api/ai}:[39m[38;5;3m +3ms[39m
2025-11-28T00:37:42.0662319Z     [32m[Nest] 1  - [39m11/28/2025, 12:37:41 AM [32m    LOG[39m [38;5;3m[RouterExplorer] [39m[32mMapped {/api/ai/upload-excel, POST} route[39m[38;5;3m +3ms[39m
2025-11-28T00:37:42.0663283Z     [32m[Nest] 1  - [39m11/28/2025, 12:37:41 AM [32m    LOG[39m [38;5;3m[RouterExplorer] [39m[32mMapped {/api/ai/train-model, POST} route[39m[38;5;3m +0ms[39m
2025-11-28T00:37:42.0664225Z     [32m[Nest] 1  - [39m11/28/2025, 12:37:41 AM [32m    LOG[39m [38;5;3m[RouterExplorer] [39m[32mMapped {/api/ai/predict, POST} route[39m[38;5;3m +1ms[39m
2025-11-28T00:37:42.0665215Z     [32m[Nest] 1  - [39m11/28/2025, 12:37:41 AM [32m    LOG[39m [38;5;3m[RouterExplorer] [39m[32mMapped {/api/ai/predict-with-weather, POST} route[39m[38;5;3m +0ms[39m
2025-11-28T00:37:42.0666184Z     [32m[Nest] 1  - [39m11/28/2025, 12:37:41 AM [32m    LOG[39m [38;5;3m[RouterExplorer] [39m[32mMapped {/api/ai/models, GET} route[39m[38;5;3m +1ms[39m
2025-11-28T00:37:42.0667139Z     [32m[Nest] 1  - [39m11/28/2025, 12:37:41 AM [32m    LOG[39m [38;5;3m[RouterExplorer] [39m[32mMapped {/api/ai/models/:id, GET} route[39m[38;5;3m +0ms[39m
2025-11-28T00:37:42.0668090Z     [32m[Nest] 1  - [39m11/28/2025, 12:37:41 AM [32m    LOG[39m [38;5;3m[RouterExplorer] [39m[32mMapped {/api/ai/models/:id, DELETE} route[39m[38;5;3m +1ms[39m
2025-11-28T00:37:42.0669266Z     [32m[Nest] 1  - [39m11/28/2025, 12:37:41 AM [32m    LOG[39m [38;5;3m[RouterExplorer] [39m[32mMapped {/api/ai/weather/current, GET} route[39m[38;5;3m +0ms[39m
2025-11-28T00:37:42.0671225Z     [32m[Nest] 1  - [39m11/28/2025, 12:37:41 AM [32m    LOG[39m [38;5;3m[RouterExplorer] [39m[32mMapped {/api/ai/weather/forecast, GET} route[39m[38;5;3m +1ms[39m
2025-11-28T00:37:42.0673583Z     [32m[Nest] 1  - [39m11/28/2025, 12:37:41 AM [32m    LOG[39m [38;5;3m[RouterExplorer] [39m[32mMapped {/api/ai/weather/status, GET} route[39m[38;5;3m +0ms[39m
2025-11-28T00:37:42.0675486Z     [32m[Nest] 1  - [39m11/28/2025, 12:37:41 AM [32m    LOG[39m [38;5;3m[RouterExplorer] [39m[32mMapped {/api/ai/analyze-complete, POST} route[39m[38;5;3m +0ms[39m
2025-11-28T00:37:42.0676532Z     [32m[Nest] 1  - [39m11/28/2025, 12:37:41 AM [32m    LOG[39m [38;5;3m[RouterExplorer] [39m[32mMapped {/api/ai/health, GET} route[39m[38;5;3m +1ms[39m
2025-11-28T00:37:42.0677479Z     [32m[Nest] 1  - [39m11/28/2025, 12:37:41 AM [32m    LOG[39m [38;5;3m[NestApplication] [39m[32mNest application successfully started[39m[38;5;3m +1ms[39m
2025-11-28T00:37:42.0677908Z 
2025-11-28T00:37:42.0678160Z       at Object.log (test/integration/weather-http.integration.test.js:126:17)
2025-11-28T00:37:42.0678448Z 
2025-11-28T00:37:42.2253236Z FAIL test/integration/weather-http.integration.test.js
2025-11-28T00:37:42.2255357Z   ai-service HTTP integration with mock weather
2025-11-28T00:37:42.2258190Z     ✕ GET /ai/weather/current uses mock server data (15 ms)
2025-11-28T00:37:42.2258583Z 
2025-11-28T00:37:42.2260835Z   ● ai-service HTTP integration with mock weather › GET /ai/weather/current uses mock server data
2025-11-28T00:37:42.2261283Z 
2025-11-28T00:37:42.2261490Z     expect(received).toBe(expected) // Object.is equality
2025-11-28T00:37:42.2261747Z 
2025-11-28T00:37:42.2261837Z     Expected: true
2025-11-28T00:37:42.2262052Z     Received: false
2025-11-28T00:37:42.2262176Z 
2025-11-28T00:37:42.2262578Z     [0m [90m 137 |[39m     [36mconst[39m hostName [33m=[39m [36mawait[39m resolveHost()[33m;[39m
2025-11-28T00:37:42.2263794Z      [90m 138 |[39m     [36mconst[39m res [33m=[39m [36mawait[39m fetch([32m`http://${hostName}:${hostPort}/api/ai/weather/current?lat=-12&lon=-77`[39m[33m,[39m { timeout[33m:[39m [35m5000[39m })[33m;[39m
2025-11-28T00:37:42.2264844Z     [31m[1m>[22m[39m[90m 139 |[39m     expect(res[33m.[39mok)[33m.[39mtoBe([36mtrue[39m)[33m;[39m
2025-11-28T00:37:42.2265371Z      [90m     |[39m                    [31m[1m^[22m[39m
2025-11-28T00:37:42.2265951Z      [90m 140 |[39m     [36mconst[39m json [33m=[39m [36mawait[39m res[33m.[39mjson()[33m;[39m
2025-11-28T00:37:42.2266726Z      [90m 141 |[39m     expect(json)[33m.[39mtoHaveProperty([32m'temperature'[39m[33m,[39m [35m25[39m)[33m;[39m
2025-11-28T00:37:42.2267616Z      [90m 142 |[39m     expect(json)[33m.[39mtoHaveProperty([32m'location'[39m[33m,[39m [32m'MockCity'[39m)[33m;[39m[0m
2025-11-28T00:37:42.2267997Z 
2025-11-28T00:37:42.2268245Z       at Object.toBe (test/integration/weather-http.integration.test.js:139:20)
2025-11-28T00:37:42.2268535Z 
2025-11-28T00:37:42.3849369Z #0 building with "default" instance using docker driver
2025-11-28T00:37:42.3849712Z 
2025-11-28T00:37:42.3850061Z #1 [internal] load build definition from Dockerfile
2025-11-28T00:37:42.5593044Z #1 transferring dockerfile: 1.59kB done
2025-11-28T00:37:42.5593697Z #1 DONE 0.0s
2025-11-28T00:37:42.5594124Z 
2025-11-28T00:37:42.5594528Z #2 [internal] load metadata for docker.io/library/node:20
2025-11-28T00:37:42.5595196Z #2 DONE 0.0s
2025-11-28T00:37:42.5595380Z 
2025-11-28T00:37:42.5595765Z #3 [internal] load metadata for docker.io/library/node:20-slim
2025-11-28T00:37:42.5596280Z #3 DONE 0.1s
2025-11-28T00:37:42.5596452Z 
2025-11-28T00:37:42.5596676Z #4 [internal] load .dockerignore
2025-11-28T00:37:42.5597146Z #4 transferring context: 2B done
2025-11-28T00:37:42.5597508Z #4 DONE 0.0s
2025-11-28T00:37:42.5597670Z 
2025-11-28T00:37:42.5597949Z #5 [builder 1/8] FROM docker.io/library/node:20
2025-11-28T00:37:42.5598380Z #5 DONE 0.0s
2025-11-28T00:37:42.5598546Z 
2025-11-28T00:37:42.5599542Z #6 [stage-1 1/6] FROM docker.io/library/node:20-slim@sha256:fbb357f69d05c97333855b0846e4ef65462409728312df3c9ff12c941741c0a5
2025-11-28T00:37:42.5600875Z #6 DONE 0.0s
2025-11-28T00:37:42.5601067Z 
2025-11-28T00:37:42.5601298Z #7 [internal] load build context
2025-11-28T00:37:43.3353154Z #7 transferring context: 1.70MB 0.8s done
2025-11-28T00:37:43.3353827Z #7 DONE 0.8s
2025-11-28T00:37:43.3354358Z 
2025-11-28T00:37:43.3355555Z #8 [builder 8/8] RUN if [ -f "prisma/schema.prisma" ]; then npx prisma generate --schema=prisma/schema.prisma; fi
2025-11-28T00:37:43.3356510Z #8 CACHED
2025-11-28T00:37:43.3356720Z 
2025-11-28T00:37:43.3357007Z #9 [builder 3/8] COPY package*.json ./
2025-11-28T00:37:43.3357731Z #9 CACHED
2025-11-28T00:37:43.3357935Z 
2025-11-28T00:37:43.3359729Z #10 [builder 4/8] RUN apt-get update -y && apt-get install -y openssl ca-certificates --no-install-recommends && rm -rf /var/lib/apt/lists/*  && npm ci --legacy-peer-deps --no-audit --no-fund
2025-11-28T00:37:43.3361227Z #10 CACHED
2025-11-28T00:37:43.3361420Z 
2025-11-28T00:37:43.3361877Z #11 [stage-1 5/6] COPY --from=builder /usr/src/app/node_modules ./node_modules
2025-11-28T00:37:43.3362266Z #11 CACHED
2025-11-28T00:37:43.3362436Z 
2025-11-28T00:37:43.3362805Z #12 [stage-1 4/6] COPY --from=builder /usr/src/app/src ./src
2025-11-28T00:37:43.3363315Z #12 CACHED
2025-11-28T00:37:43.3363486Z 
2025-11-28T00:37:43.3364846Z #13 [stage-1 3/6] RUN apt-get update -y && apt-get install -y openssl ca-certificates curl iproute2 procps --no-install-recommends && rm -rf /var/lib/apt/lists/*
2025-11-28T00:37:43.3365967Z #13 CACHED
2025-11-28T00:37:43.3366137Z 
2025-11-28T00:37:43.3366303Z #14 [builder 5/8] COPY . ./
2025-11-28T00:37:43.3366637Z #14 CACHED
2025-11-28T00:37:43.3366792Z 
2025-11-28T00:37:43.3367041Z #15 [builder 2/8] WORKDIR /usr/src/app
2025-11-28T00:37:43.3367296Z #15 CACHED
2025-11-28T00:37:43.3367400Z 
2025-11-28T00:37:43.3367971Z #16 [builder 6/8] RUN mkdir -p /usr/src/app/trained-models
2025-11-28T00:37:43.3368268Z #16 CACHED
2025-11-28T00:37:43.3368356Z 
2025-11-28T00:37:43.3368807Z #17 [builder 7/8] RUN mkdir -p prisma && cp ../shared/prisma/schema.prisma prisma/schema.prisma || true
2025-11-28T00:37:43.3369479Z #17 CACHED
2025-11-28T00:37:43.3369570Z 
2025-11-28T00:37:43.3369724Z #18 [stage-1 2/6] WORKDIR /usr/src/app
2025-11-28T00:37:43.3369947Z #18 CACHED
2025-11-28T00:37:43.3370039Z 
2025-11-28T00:37:43.3370323Z #19 [stage-1 6/6] COPY --from=builder /usr/src/app/trained-models ./trained-models
2025-11-28T00:37:43.3370665Z #19 CACHED
2025-11-28T00:37:43.3370752Z 
2025-11-28T00:37:43.3370840Z #20 exporting to image
2025-11-28T00:37:43.3371055Z #20 exporting layers done
2025-11-28T00:37:43.3371551Z #20 writing image sha256:bcfe3d4e743fde619b8b59adf21eb073abdae2fd845b2d3e08f8aeef984f0a6f done
2025-11-28T00:37:43.3372085Z #20 naming to docker.io/library/ai-e2e:1764290262296 done
2025-11-28T00:37:43.3372353Z #20 DONE 0.0s
2025-11-28T00:37:44.5529360Z Could not load @tensorflow/tfjs-node native bindings. Falling back to @tensorflow/tfjs (JS). Performance may be slower.
2025-11-28T00:37:44.5555872Z   console.log
2025-11-28T00:37:44.5556259Z     === ai-e2e logs ===
2025-11-28T00:37:44.5557485Z     [32m[Nest] 1  - [39m11/28/2025, 12:37:44 AM [32m    LOG[39m [38;5;3m[NestFactory] [39m[32mStarting Nest application...[39m
2025-11-28T00:37:44.5558950Z     [32m[Nest] 1  - [39m11/28/2025, 12:37:44 AM [32m    LOG[39m [38;5;3m[MachineLearningService] [39m[32mCargados 0 modelos desde disco[39m
2025-11-28T00:37:44.5560830Z     [32m[Nest] 1  - [39m11/28/2025, 12:37:44 AM [32m    LOG[39m [38;5;3m[InstanceLoader] [39m[32mAppModule dependencies initialized[39m[38;5;3m +1ms[39m
2025-11-28T00:37:44.5562492Z     [32m[Nest] 1  - [39m11/28/2025, 12:37:44 AM [32m    LOG[39m [38;5;3m[InstanceLoader] [39m[32mMulterModule dependencies initialized[39m[38;5;3m +0ms[39m
2025-11-28T00:37:44.5563865Z     [32m[Nest] 1  - [39m11/28/2025, 12:37:44 AM [32m    LOG[39m [38;5;3m[InstanceLoader] [39m[32mAiModule dependencies initialized[39m[38;5;3m +1ms[39m
2025-11-28T00:37:44.5564800Z     [32m[Nest] 1  - [39m11/28/2025, 12:37:44 AM [32m    LOG[39m [38;5;3m[RoutesResolver] [39m[32mAiController {/api/ai}:[39m[38;5;3m +3ms[39m
2025-11-28T00:37:44.5566054Z     [32m[Nest] 1  - [39m11/28/2025, 12:37:44 AM [32m    LOG[39m [38;5;3m[RouterExplorer] [39m[32mMapped {/api/ai/upload-excel, POST} route[39m[38;5;3m +2ms[39m
2025-11-28T00:37:44.5567177Z     [32m[Nest] 1  - [39m11/28/2025, 12:37:44 AM [32m    LOG[39m [38;5;3m[RouterExplorer] [39m[32mMapped {/api/ai/train-model, POST} route[39m[38;5;3m +1ms[39m
2025-11-28T00:37:44.5568124Z     [32m[Nest] 1  - [39m11/28/2025, 12:37:44 AM [32m    LOG[39m [38;5;3m[RouterExplorer] [39m[32mMapped {/api/ai/predict, POST} route[39m[38;5;3m +0ms[39m
2025-11-28T00:37:44.5570176Z     [32m[Nest] 1  - [39m11/28/2025, 12:37:44 AM [32m    LOG[39m [38;5;3m[RouterExplorer] [39m[32mMapped {/api/ai/predict-with-weather, POST} route[39m[38;5;3m +1ms[39m
2025-11-28T00:37:44.5572019Z     [32m[Nest] 1  - [39m11/28/2025, 12:37:44 AM [32m    LOG[39m [38;5;3m[RouterExplorer] [39m[32mMapped {/api/ai/models, GET} route[39m[38;5;3m +0ms[39m
2025-11-28T00:37:44.5573749Z     [32m[Nest] 1  - [39m11/28/2025, 12:37:44 AM [32m    LOG[39m [38;5;3m[RouterExplorer] [39m[32mMapped {/api/ai/models/:id, GET} route[39m[38;5;3m +1ms[39m
2025-11-28T00:37:44.5575408Z     [32m[Nest] 1  - [39m11/28/2025, 12:37:44 AM [32m    LOG[39m [38;5;3m[RouterExplorer] [39m[32mMapped {/api/ai/models/:id, DELETE} route[39m[38;5;3m +0ms[39m
2025-11-28T00:37:44.5577089Z     [32m[Nest] 1  - [39m11/28/2025, 12:37:44 AM [32m    LOG[39m [38;5;3m[RouterExplorer] [39m[32mMapped {/api/ai/weather/current, GET} route[39m[38;5;3m +0ms[39m
2025-11-28T00:37:44.5578806Z     [32m[Nest] 1  - [39m11/28/2025, 12:37:44 AM [32m    LOG[39m [38;5;3m[RouterExplorer] [39m[32mMapped {/api/ai/weather/forecast, GET} route[39m[38;5;3m +1ms[39m
2025-11-28T00:37:44.5580713Z     [32m[Nest] 1  - [39m11/28/2025, 12:37:44 AM [32m    LOG[39m [38;5;3m[RouterExplorer] [39m[32mMapped {/api/ai/weather/status, GET} route[39m[38;5;3m +0ms[39m
2025-11-28T00:37:44.5582490Z     [32m[Nest] 1  - [39m11/28/2025, 12:37:44 AM [32m    LOG[39m [38;5;3m[RouterExplorer] [39m[32mMapped {/api/ai/analyze-complete, POST} route[39m[38;5;3m +1ms[39m
2025-11-28T00:37:44.5584231Z     [32m[Nest] 1  - [39m11/28/2025, 12:37:44 AM [32m    LOG[39m [38;5;3m[RouterExplorer] [39m[32mMapped {/api/ai/health, GET} route[39m[38;5;3m +0ms[39m
2025-11-28T00:37:44.5585930Z     [32m[Nest] 1  - [39m11/28/2025, 12:37:44 AM [32m    LOG[39m [38;5;3m[NestApplication] [39m[32mNest application successfully started[39m[38;5;3m +1ms[39m
2025-11-28T00:37:44.5586698Z 
2025-11-28T00:37:44.5587209Z       at log (test/integration/predict-with-weather.http.integration.test.js:53:17)
2025-11-28T00:37:44.5587786Z 
2025-11-28T00:37:44.7243707Z FAIL test/integration/predict-with-weather.http.integration.test.js
2025-11-28T00:37:44.7244649Z   ai-service E2E POST /api/ai/predict-with-weather
2025-11-28T00:37:44.7245738Z     ✕ POST predict-with-weather returns prediction object (11 ms)
2025-11-28T00:37:44.7246174Z 
2025-11-28T00:37:44.7246969Z   ● ai-service E2E POST /api/ai/predict-with-weather › POST predict-with-weather returns prediction object
2025-11-28T00:37:44.7247654Z 
2025-11-28T00:37:44.7247880Z     expect(received).toHaveProperty(path)
2025-11-28T00:37:44.7248233Z 
2025-11-28T00:37:44.7248429Z     Expected path: "prediction"
2025-11-28T00:37:44.7248820Z     Received path: []
2025-11-28T00:37:44.7249312Z 
2025-11-28T00:37:44.7250656Z     Received value: {"error": "Bad Request", "message": "Error realizando predicción: Modelo m1 no encontrado", "statusCode": 400}
2025-11-28T00:37:44.7251425Z 
2025-11-28T00:37:44.7251825Z     [0m [90m  97 |[39m     [90m// basic shape checks[39m
2025-11-28T00:37:44.7252578Z      [90m  98 |[39m     expect(json)[33m.[39mtoBeDefined()[33m;[39m
2025-11-28T00:37:44.7253589Z     [31m[1m>[22m[39m[90m  99 |[39m     expect(json)[33m.[39mtoHaveProperty([32m'prediction'[39m)[33m;[39m
2025-11-28T00:37:44.7254743Z      [90m     |[39m                  [31m[1m^[22m[39m
2025-11-28T00:37:44.7255268Z      [90m 100 |[39m   })[33m;[39m
2025-11-28T00:37:44.7255715Z      [90m 101 |[39m })[33m;[39m
2025-11-28T00:37:44.7256133Z      [90m 102 |[39m[0m
2025-11-28T00:37:44.7256341Z 
2025-11-28T00:37:44.7257181Z       at Object.toHaveProperty (test/integration/predict-with-weather.http.integration.test.js:99:18)
2025-11-28T00:37:44.7257855Z 
2025-11-28T00:37:45.4095098Z   console.warn
2025-11-28T00:37:45.4096129Z     Could not load @tensorflow/tfjs-node native bindings. Falling back to @tensorflow/tfjs (JS). Performance may be slower.
2025-11-28T00:37:45.4096868Z 
2025-11-28T00:37:45.4097333Z       at Object.warn (src/ai-microservice/services/machine-learning.service.ts:12:8)
2025-11-28T00:37:45.4098198Z       at Object.require (src/ai-microservice/ai.controller.ts:17:1)
2025-11-28T00:37:45.4098939Z       at Object.require (test/predict-with-weather.spec.js:1:26)
2025-11-28T00:37:45.4099680Z 
2025-11-28T00:37:45.7687372Z PASS test/predict-with-weather.spec.js
2025-11-28T00:37:45.7687963Z   AiController.predictWithWeather
2025-11-28T00:37:45.7688829Z     ✓ calls mlService.predict with provided weatherData and returns prediction (1 ms)
2025-11-28T00:37:45.7689439Z 
2025-11-28T00:37:45.7705573Z Test Suites: 2 failed, 1 passed, 3 total
2025-11-28T00:37:45.7706129Z Tests:       2 failed, 1 passed, 3 total
2025-11-28T00:37:45.7706465Z Snapshots:   0 total
2025-11-28T00:37:45.7706690Z Time:        6.603 s
2025-11-28T00:37:45.7706900Z Ran all test suites.
2025-11-28T00:37:45.8954374Z ai-service tests failed
2025-11-28T00:37:45.8968924Z ##[error]Process completed with exit code 1.
2025-11-28T00:37:45.9044872Z ##[group]Run actions/upload-artifact@v4
2025-11-28T00:37:45.9045130Z with:
2025-11-28T00:37:45.9045282Z   name: test-logs
2025-11-28T00:37:45.9045933Z   path: Backend-Huancavelica-Alertas-Agricolas/services/rest-service/jest.config.json
Backend-Huancavelica-Alertas-Agricolas/services/weather-service/jest.config.json

2025-11-28T00:37:45.9046664Z   if-no-files-found: warn
2025-11-28T00:37:45.9046867Z   compression-level: 6
2025-11-28T00:37:45.9047057Z   overwrite: false
2025-11-28T00:37:45.9047235Z   include-hidden-files: false
2025-11-28T00:37:45.9047442Z ##[endgroup]
2025-11-28T00:37:46.1164798Z Multiple search paths detected. Calculating the least common ancestor of all paths
2025-11-28T00:37:46.1169819Z The least common ancestor is /home/runner/work/PAT-AH/PAT-AH/Backend-Huancavelica-Alertas-Agricolas/services. This will be the root directory of the artifact
2025-11-28T00:37:46.1171350Z With the provided path, there will be 2 files uploaded
2025-11-28T00:37:46.1176655Z Artifact name is valid!
2025-11-28T00:37:46.1177551Z Root directory input is valid!
2025-11-28T00:37:46.2256631Z Beginning upload of artifact content to blob storage
2025-11-28T00:37:46.2959652Z Uploaded bytes 597
2025-11-28T00:37:46.3166410Z Finished uploading artifact content to blob storage!
2025-11-28T00:37:46.3170260Z SHA256 digest of uploaded artifact zip is d2a0625923127e93f7aa28448a90802ce8eac05d879c2e696df193c043238dbe
2025-11-28T00:37:46.3171930Z Finalizing artifact upload
2025-11-28T00:37:46.4010321Z Artifact test-logs.zip successfully finalized. Artifact ID 4702385829
2025-11-28T00:37:46.4011615Z Artifact test-logs has been successfully uploaded! Final size is 597 bytes. Artifact ID is 4702385829
2025-11-28T00:37:46.4018333Z Artifact download URL: https://github.com/JuanAldairRamirezMendez/PAT-AH/actions/runs/19750764669/artifacts/4702385829
2025-11-28T00:37:46.4193478Z Post job cleanup.
2025-11-28T00:37:46.5125217Z [command]/usr/bin/git version
2025-11-28T00:37:46.5161045Z git version 2.51.2
2025-11-28T00:37:46.5202734Z Temporarily overriding HOME='/home/runner/work/_temp/aa457e9e-3f9f-434e-8232-2dd348de10cc' before making global git config changes
2025-11-28T00:37:46.5203716Z Adding repository directory to the temporary git global config as a safe directory
2025-11-28T00:37:46.5207845Z [command]/usr/bin/git config --global --add safe.directory /home/runner/work/PAT-AH/PAT-AH
2025-11-28T00:37:46.5242725Z [command]/usr/bin/git config --local --name-only --get-regexp core\.sshCommand
2025-11-28T00:37:46.5274793Z [command]/usr/bin/git submodule foreach --recursive sh -c "git config --local --name-only --get-regexp 'core\.sshCommand' && git config --local --unset-all 'core.sshCommand' || :"
2025-11-28T00:37:46.5501823Z [command]/usr/bin/git config --local --name-only --get-regexp http\.https\:\/\/github\.com\/\.extraheader
2025-11-28T00:37:46.5521620Z http.https://github.com/.extraheader
2025-11-28T00:37:46.5533818Z [command]/usr/bin/git config --local --unset-all http.https://github.com/.extraheader
2025-11-28T00:37:46.5563725Z [command]/usr/bin/git submodule foreach --recursive sh -c "git config --local --name-only --get-regexp 'http\.https\:\/\/github\.com\/\.extraheader' && git config --local --unset-all 'http.https://github.com/.extraheader' || :"
2025-11-28T00:37:46.5780643Z [command]/usr/bin/git config --local --name-only --get-regexp ^includeIf\.gitdir:
2025-11-28T00:37:46.5810349Z [command]/usr/bin/git submodule foreach --recursive git config --local --show-origin --name-only --get-regexp remote.origin.url
2025-11-28T00:37:46.6142601Z Cleaning up orphan processes
